{"timestamp":"2026-03-31T08:43:26.137321Z","level":"INFO","fields":{"message":"database migrations applied successfully"},"target":"pqmsg_server"}
{"timestamp":"2026-03-31T08:43:26.139998Z","level":"WARN","fields":{"message":"using DEVELOPMENT sender certificate signing key — set PQMSG_SENDER_CERT_SIGNING_KEY for production"},"target":"pqmsg_server"}
{"timestamp":"2026-03-31T08:43:26.151283Z","level":"INFO","fields":{"message":"pqmsg-server listening without TLS on 127.0.0.1:3000 deployment_mode=development profile=research db_backend=sqlite runtime_suite_id=1 pq_enabled=true max_conn=20 min_conn=1 push_enabled=false audit_enabled=false limiter_mode=in_memory registration_pow_bits=0 prekey_publish_min_interval_seconds=0 prekey_bundle_reserve_count=0 pq_ratchet_interval=1 sentry_enabled=false"},"target":"pqmsg_server"}
{"timestamp":"2026-03-31T08:43:26.151574Z","level":"INFO","fields":{"message":"enabled_push_providers="},"target":"pqmsg_server"}
{"timestamp":"2026-03-31T08:43:50.156020Z","level":"INFO","fields":{"request_id":"1615add9-86d9-4e01-b173-44f3b18692b4","method":"GET","path":"/v1/capabilities","status":200,"latency_ms":2.3247},"target":"pqmsg_server::http"}
{"timestamp":"2026-03-31T08:47:19.171767Z","level":"INFO","fields":{"request_id":"261d20f8-6945-4339-afa1-5b6399ba91f5","method":"GET","path":"/v1/capabilities","status":200,"latency_ms":0.4284},"target":"pqmsg_server::http"}
{"timestamp":"2026-03-31T08:53:04.501633Z","level":"INFO","fields":{"event":"user_registered","outcome":"success","request_id":"","user_id":"sha256:555cdfd96ac82ff9","device_id":"sha256:9df1c18ae0b8242c","detail":""},"target":"pqmsg_server::audit"}
{"timestamp":"2026-03-31T08:53:04.504949Z","level":"INFO","fields":{"request_id":"3fb8a8c8-8e06-4e88-9a63-3de96d0e11a2","method":"POST","path":"/v1/users/register","status":200,"latency_ms":73.8873},"target":"pqmsg_server::http"}
{"timestamp":"2026-03-31T08:53:04.604723Z","level":"INFO","fields":{"request_id":"ebf4f7c7-3030-4adc-b206-f5a7f57248f4","method":"POST","path":"/v1/users/:user_id/prekeys","status":200,"latency_ms":80.402},"target":"pqmsg_server::http"}
{"timestamp":"2026-03-31T08:53:04.636216Z","level":"INFO","fields":{"request_id":"722d12b8-2cbc-4c2a-ad08-b576400a413b","method":"POST","path":"/v1/users/:user_id/profile","status":200,"latency_ms":25.6791},"target":"pqmsg_server::http"}
{"timestamp":"2026-03-31T08:53:05.373978Z","level":"INFO","fields":{"request_id":"836f64f7-6c61-411d-8e82-8b94360b9aff","method":"GET","path":"/v1/capabilities","status":200,"latency_ms":0.2944},"target":"pqmsg_server::http"}
{"timestamp":"2026-03-31T08:53:05.376276Z","level":"INFO","fields":{"request_id":"912eb141-ae4b-44c7-86a8-9104170db63f","method":"GET","path":"/v1/capabilities","status":200,"latency_ms":0.3373},"target":"pqmsg_server::http"}
{"timestamp":"2026-03-31T08:53:05.388561Z","level":"INFO","fields":{"request_id":"a16e5918-6ed7-4a72-8b52-8ae08267bbfd","method":"GET","path":"/v1/users/:user_id/contacts","status":200,"latency_ms":9.9679},"target":"pqmsg_server::http"}
{"timestamp":"2026-03-31T08:53:05.398371Z","level":"INFO","fields":{"request_id":"d8338d5c-22fa-420b-a098-600cdba3bf08","method":"GET","path":"/v1/sealed-inbox/:user_id","status":200,"latency_ms":17.9589},"target":"pqmsg_server::http"}
{"timestamp":"2026-03-31T08:53:05.430198Z","level":"INFO","fields":{"request_id":"6eb63b7a-66eb-4de9-8f3b-5ed83f839f37","method":"POST","path":"/v1/ws/sealed-inbox/:user_id/ticket","status":200,"latency_ms":19.1885},"target":"pqmsg_server::http"}
{"timestamp":"2026-03-31T08:53:05.445146Z","level":"INFO","fields":{"request_id":"6cc0d686-d669-42ba-936e-de987269e2b5","method":"GET","path":"/v1/ws/sealed-inbox/:user_id","status":101,"latency_ms":9.602400000000001},"target":"pqmsg_server::http"}
{"timestamp":"2026-03-31T08:53:06.445045Z","level":"INFO","fields":{"request_id":"36d32ab4-4e0b-4afb-80f9-f18bbbbd134b","method":"GET","path":"/v1/users/:user_id/prekeys/status","status":200,"latency_ms":9.770100000000001},"target":"pqmsg_server::http"}
{"timestamp":"2026-03-31T08:53:15.405358Z","level":"INFO","fields":{"request_id":"3782c648-4a87-4821-9f0f-67e5c81d3290","method":"GET","path":"/v1/sealed-inbox/:user_id","status":200,"latency_ms":16.5164},"target":"pqmsg_server::http"}
{"timestamp":"2026-03-31T08:53:25.403744Z","level":"INFO","fields":{"request_id":"278a16f8-25b2-46c4-b565-9fc34028f5c0","method":"GET","path":"/v1/sealed-inbox/:user_id","status":200,"latency_ms":22.1961},"target":"pqmsg_server::http"}
{"timestamp":"2026-03-31T08:53:35.421308Z","level":"INFO","fields":{"request_id":"20a4d092-2732-4872-84c7-a41c1944ede6","method":"GET","path":"/v1/sealed-inbox/:user_id","status":200,"latency_ms":38.408},"target":"pqmsg_server::http"}
{"timestamp":"2026-03-31T08:53:45.399896Z","level":"INFO","fields":{"request_id":"90d8d2c0-716a-451d-a106-ae5444b38c51","method":"GET","path":"/v1/sealed-inbox/:user_id","status":200,"latency_ms":17.6292},"target":"pqmsg_server::http"}
{"timestamp":"2026-03-31T08:53:55.416763Z","level":"INFO","fields":{"request_id":"e1e2f35d-45aa-42e4-9c36-36dcfa2a027b","method":"GET","path":"/v1/sealed-inbox/:user_id","status":200,"latency_ms":27.8463},"target":"pqmsg_server::http"}
{"timestamp":"2026-03-31T08:54:05.419689Z","level":"INFO","fields":{"request_id":"20bb834a-7987-4277-ba46-48f8ea53c6ee","method":"GET","path":"/v1/sealed-inbox/:user_id","status":200,"latency_ms":31.054100000000002},"target":"pqmsg_server::http"}
{"timestamp":"2026-03-31T08:54:15.415192Z","level":"INFO","fields":{"request_id":"72e735cd-9cfd-4b06-8a31-21be78356711","method":"GET","path":"/v1/sealed-inbox/:user_id","status":200,"latency_ms":31.2662},"target":"pqmsg_server::http"}
{"timestamp":"2026-03-31T08:54:57.380223Z","level":"INFO","fields":{"event":"user_registered","outcome":"success","request_id":"","user_id":"sha256:3f1051488f94eaaa","device_id":"sha256:bb73e7805f729136","detail":""},"target":"pqmsg_server::audit"}
{"timestamp":"2026-03-31T08:54:57.380573Z","level":"INFO","fields":{"request_id":"55cb2b1c-df4b-4341-a473-d516229b936b","method":"POST","path":"/v1/users/register","status":200,"latency_ms":27.5258},"target":"pqmsg_server::http"}
{"timestamp":"2026-03-31T08:54:57.452283Z","level":"INFO","fields":{"request_id":"373dfd01-4472-4ad0-9a9f-6d51809766ee","method":"POST","path":"/v1/users/:user_id/prekeys","status":200,"latency_ms":54.445},"target":"pqmsg_server::http"}
{"timestamp":"2026-03-31T08:54:57.472342Z","level":"INFO","fields":{"request_id":"ac77047d-19ab-4502-9d5f-be5d2a2b0ea7","method":"POST","path":"/v1/users/:user_id/profile","status":200,"latency_ms":15.1807},"target":"pqmsg_server::http"}
{"timestamp":"2026-03-31T08:54:58.180959Z","level":"INFO","fields":{"request_id":"299e7816-6dbe-4bc8-9293-5b0d7bc918f3","method":"GET","path":"/v1/capabilities","status":200,"latency_ms":0.2874},"target":"pqmsg_server::http"}
{"timestamp":"2026-03-31T08:54:58.183357Z","level":"INFO","fields":{"request_id":"7544a43c-0e17-4962-a900-a1d146326f50","method":"GET","path":"/v1/capabilities","status":200,"latency_ms":0.3091},"target":"pqmsg_server::http"}
{"timestamp":"2026-03-31T08:54:58.195335Z","level":"INFO","fields":{"request_id":"1cd503bc-b01f-4fee-87d6-bca090cc2898","method":"GET","path":"/v1/users/:user_id/contacts","status":200,"latency_ms":9.4295},"target":"pqmsg_server::http"}
{"timestamp":"2026-03-31T08:54:58.205060Z","level":"INFO","fields":{"request_id":"e1d7c1f8-9d1b-466b-a9b3-c22c0673bf3b","method":"GET","path":"/v1/sealed-inbox/:user_id","status":200,"latency_ms":18.4967},"target":"pqmsg_server::http"}
{"timestamp":"2026-03-31T08:54:58.233661Z","level":"INFO","fields":{"request_id":"ba91ee3d-6d2b-4559-a69a-c36a31cf41c5","method":"POST","path":"/v1/ws/sealed-inbox/:user_id/ticket","status":200,"latency_ms":17.003999999999998},"target":"pqmsg_server::http"}
{"timestamp":"2026-03-31T08:54:58.244167Z","level":"INFO","fields":{"request_id":"61f9c6a5-b892-4861-9bfe-a1c265e16900","method":"GET","path":"/v1/ws/sealed-inbox/:user_id","status":101,"latency_ms":7.3744},"target":"pqmsg_server::http"}
{"timestamp":"2026-03-31T08:54:58.840298Z","level":"INFO","fields":{"request_id":"80fbc000-7f1d-4714-9aee-8d6103632fd2","method":"GET","path":"/v1/users/:user_id/prekeys/status","status":200,"latency_ms":10.0379},"target":"pqmsg_server::http"}
{"timestamp":"2026-03-31T08:55:08.214980Z","level":"INFO","fields":{"request_id":"d94cba4e-e30b-4c67-b1c0-c4c48f345a47","method":"GET","path":"/v1/sealed-inbox/:user_id","status":200,"latency_ms":17.0038},"target":"pqmsg_server::http"}
{"timestamp":"2026-03-31T08:55:18.201831Z","level":"INFO","fields":{"request_id":"bd2a91ba-4ab6-42ed-b1e9-504832125fbc","method":"GET","path":"/v1/sealed-inbox/:user_id","status":200,"latency_ms":18.1511},"target":"pqmsg_server::http"}
{"timestamp":"2026-03-31T08:55:28.214354Z","level":"INFO","fields":{"request_id":"b305988a-0214-4843-89bb-5ead6a082848","method":"GET","path":"/v1/sealed-inbox/:user_id","status":200,"latency_ms":24.113599999999998},"target":"pqmsg_server::http"}
{"timestamp":"2026-03-31T08:55:38.221087Z","level":"INFO","fields":{"request_id":"c9cdec19-6abd-48e7-9e57-0c4e5b257b21","method":"GET","path":"/v1/sealed-inbox/:user_id","status":200,"latency_ms":21.1786},"target":"pqmsg_server::http"}
{"timestamp":"2026-03-31T08:55:48.228665Z","level":"INFO","fields":{"request_id":"9ff83464-64b1-4ce0-b42c-eaf1cab7ca02","method":"GET","path":"/v1/sealed-inbox/:user_id","status":200,"latency_ms":43.5185},"target":"pqmsg_server::http"}
{"timestamp":"2026-03-31T08:55:58.709530Z","level":"INFO","fields":{"request_id":"2ec3698b-28ce-4a41-a396-3d6c0c0037d7","method":"GET","path":"/v1/sealed-inbox/:user_id","status":200,"latency_ms":521.3575000000001},"target":"pqmsg_server::http"}
{"timestamp":"2026-03-31T08:56:31.354941Z","level":"INFO","fields":{"event":"user_registered","outcome":"success","request_id":"","user_id":"sha256:341ffed346f9424e","device_id":"sha256:f1a97d49fe5e7ef8","detail":""},"target":"pqmsg_server::audit"}
{"timestamp":"2026-03-31T08:56:31.355533Z","level":"INFO","fields":{"request_id":"39fbc2a4-2f6b-49c2-8842-879f183fafe4","method":"POST","path":"/v1/users/register","status":200,"latency_ms":252.9459},"target":"pqmsg_server::http"}
{"timestamp":"2026-03-31T08:56:31.497994Z","level":"INFO","fields":{"request_id":"4341f354-9bed-4f58-b106-d96df6920ebb","method":"POST","path":"/v1/users/:user_id/prekeys","status":200,"latency_ms":120.1429},"target":"pqmsg_server::http"}
{"timestamp":"2026-03-31T08:56:31.539141Z","level":"INFO","fields":{"request_id":"678edf9a-2377-4115-8793-658bf345c14f","method":"POST","path":"/v1/users/:user_id/profile","status":200,"latency_ms":30.8812},"target":"pqmsg_server::http"}
{"timestamp":"2026-03-31T08:56:32.272753Z","level":"INFO","fields":{"request_id":"cfa7f4f0-a744-4a92-9f5c-6d64d007150f","method":"GET","path":"/v1/capabilities","status":200,"latency_ms":0.32430000000000003},"target":"pqmsg_server::http"}
{"timestamp":"2026-03-31T08:56:32.275727Z","level":"INFO","fields":{"request_id":"62e9266a-8edd-4e6e-8c62-e07a27aae198","method":"GET","path":"/v1/capabilities","status":200,"latency_ms":0.373},"target":"pqmsg_server::http"}
{"timestamp":"2026-03-31T08:56:32.325940Z","level":"INFO","fields":{"request_id":"eb460f98-cfb9-46ec-868a-6f4843696761","method":"GET","path":"/v1/sealed-inbox/:user_id","status":200,"latency_ms":45.1811},"target":"pqmsg_server::http"}
{"timestamp":"2026-03-31T08:56:32.348310Z","level":"INFO","fields":{"request_id":"9c152c2c-9d10-4682-abf3-5d5322f6f51c","method":"GET","path":"/v1/users/:user_id/contacts","status":200,"latency_ms":70.062},"target":"pqmsg_server::http"}
{"timestamp":"2026-03-31T08:56:32.387524Z","level":"INFO","fields":{"request_id":"d0e92ed1-ccf7-4424-b662-eec8b6b1f271","method":"POST","path":"/v1/ws/sealed-inbox/:user_id/ticket","status":200,"latency_ms":64.80619999999999},"target":"pqmsg_server::http"}
{"timestamp":"2026-03-31T08:56:32.419103Z","level":"INFO","fields":{"request_id":"613050ff-0703-421f-bf47-584ddde763c2","method":"GET","path":"/v1/ws/sealed-inbox/:user_id","status":101,"latency_ms":27.1098},"target":"pqmsg_server::http"}
{"timestamp":"2026-03-31T08:56:33.115982Z","level":"INFO","fields":{"request_id":"cc16461f-f15e-45b9-9b8c-30495be8f100","method":"GET","path":"/v1/users/:user_id/prekeys/status","status":200,"latency_ms":14.008899999999999},"target":"pqmsg_server::http"}
{"timestamp":"2026-03-31T08:56:43.189113Z","level":"INFO","fields":{"request_id":"6c9adffa-a74e-4430-97dd-c60d00220533","method":"GET","path":"/v1/sealed-inbox/:user_id","status":200,"latency_ms":903.7239000000001},"target":"pqmsg_server::http"}
{"timestamp":"2026-03-31T08:56:52.309317Z","level":"INFO","fields":{"request_id":"459492b8-bde9-4d54-995d-856ee088ca0e","method":"GET","path":"/v1/sealed-inbox/:user_id","status":200,"latency_ms":31.584300000000002},"target":"pqmsg_server::http"}
{"timestamp":"2026-03-31T08:57:02.364777Z","level":"INFO","fields":{"request_id":"36330a7c-3dfd-4099-9b66-8366517272ee","method":"GET","path":"/v1/sealed-inbox/:user_id","status":200,"latency_ms":73.928},"target":"pqmsg_server::http"}
{"timestamp":"2026-03-31T08:57:12.507775Z","level":"INFO","fields":{"request_id":"646ea74d-efbd-4fe5-99ee-0d3ddb5a1b3b","method":"GET","path":"/v1/sealed-inbox/:user_id","status":200,"latency_ms":219.569},"target":"pqmsg_server::http"}
{"timestamp":"2026-03-31T08:57:24.093510Z","level":"INFO","fields":{"request_id":"9130d132-fdf8-477b-b728-f51c6d505a69","method":"GET","path":"/v1/sealed-inbox/:user_id","status":200,"latency_ms":1814.5432},"target":"pqmsg_server::http"}
{"timestamp":"2026-03-31T08:57:32.904430Z","level":"INFO","fields":{"request_id":"3a0aa01d-1242-415d-a553-3b767415911c","method":"GET","path":"/v1/sealed-inbox/:user_id","status":200,"latency_ms":614.6762},"target":"pqmsg_server::http"}
{"timestamp":"2026-03-31T08:57:42.689675Z","level":"INFO","fields":{"request_id":"2a93867a-b073-4e39-bddb-f81b58caf0d4","method":"GET","path":"/v1/sealed-inbox/:user_id","status":200,"latency_ms":411.71590000000003},"target":"pqmsg_server::http"}
{"timestamp":"2026-03-31T08:58:00.243587Z","level":"INFO","fields":{"event":"user_registered","outcome":"success","request_id":"","user_id":"sha256:7eed943679d5e56b","device_id":"sha256:5f35e5accc183dc8","detail":""},"target":"pqmsg_server::audit"}
{"timestamp":"2026-03-31T08:58:00.244016Z","level":"INFO","fields":{"request_id":"00fdb5b5-8519-401a-bd06-f9b9563c98e9","method":"POST","path":"/v1/users/register","status":200,"latency_ms":104.6256},"target":"pqmsg_server::http"}
{"timestamp":"2026-03-31T08:58:00.344595Z","level":"INFO","fields":{"request_id":"1b3fa924-5421-45ee-9413-37ddf7c3df0a","method":"POST","path":"/v1/users/:user_id/prekeys","status":200,"latency_ms":82.55120000000001},"target":"pqmsg_server::http"}
{"timestamp":"2026-03-31T08:58:00.381998Z","level":"INFO","fields":{"request_id":"a19c3e68-7e4e-4075-9d6f-6617c00bf12a","method":"POST","path":"/v1/users/:user_id/profile","status":200,"latency_ms":28.505200000000002},"target":"pqmsg_server::http"}
{"timestamp":"2026-03-31T08:58:01.102276Z","level":"INFO","fields":{"request_id":"3c19cf55-27a0-44b0-a508-3964b0d53d67","method":"GET","path":"/v1/capabilities","status":200,"latency_ms":0.323},"target":"pqmsg_server::http"}
{"timestamp":"2026-03-31T08:58:01.104873Z","level":"INFO","fields":{"request_id":"e65c857c-2dec-4e24-be59-e2f17b661f47","method":"GET","path":"/v1/capabilities","status":200,"latency_ms":0.3959},"target":"pqmsg_server::http"}
{"timestamp":"2026-03-31T08:58:01.117499Z","level":"INFO","fields":{"request_id":"86ec3fff-76d5-41e0-b1a1-d0b4d7a9d3d9","method":"GET","path":"/v1/users/:user_id/contacts","status":200,"latency_ms":9.9705},"target":"pqmsg_server::http"}
{"timestamp":"2026-03-31T08:58:01.126499Z","level":"INFO","fields":{"request_id":"709ad371-d054-4010-a8fb-32f739a187a6","method":"GET","path":"/v1/sealed-inbox/:user_id","status":200,"latency_ms":18.0971},"target":"pqmsg_server::http"}
{"timestamp":"2026-03-31T08:58:01.159291Z","level":"INFO","fields":{"request_id":"b3d10b94-dab7-4b8c-b7ba-f4ddc3010975","method":"POST","path":"/v1/ws/sealed-inbox/:user_id/ticket","status":200,"latency_ms":16.2615},"target":"pqmsg_server::http"}
{"timestamp":"2026-03-31T08:58:01.173831Z","level":"INFO","fields":{"request_id":"24601f5a-e1bc-4278-bfbb-0700342b2ea1","method":"GET","path":"/v1/ws/sealed-inbox/:user_id","status":101,"latency_ms":10.9289},"target":"pqmsg_server::http"}
{"timestamp":"2026-03-31T08:58:02.157069Z","level":"INFO","fields":{"request_id":"95665fcc-c831-46e4-a62d-2b9b4cd98a44","method":"GET","path":"/v1/users/:user_id/prekeys/status","status":200,"latency_ms":9.7218},"target":"pqmsg_server::http"}
{"timestamp":"2026-03-31T08:58:11.429437Z","level":"INFO","fields":{"request_id":"257317cd-0f3d-4799-83ed-fd0226e23106","method":"GET","path":"/v1/sealed-inbox/:user_id","status":200,"latency_ms":317.10929999999996},"target":"pqmsg_server::http"}
{"timestamp":"2026-03-31T08:58:21.381268Z","level":"INFO","fields":{"request_id":"680d4d64-e6c8-4fdc-b8a6-d248c9a9def8","method":"GET","path":"/v1/sealed-inbox/:user_id","status":200,"latency_ms":276.6083},"target":"pqmsg_server::http"}
{"timestamp":"2026-03-31T08:58:31.129124Z","level":"INFO","fields":{"request_id":"c0d0a159-9830-4ecf-ac62-ecf54fb6e6be","method":"GET","path":"/v1/sealed-inbox/:user_id","status":200,"latency_ms":20.5545},"target":"pqmsg_server::http"}
{"timestamp":"2026-03-31T08:58:41.680201Z","level":"INFO","fields":{"request_id":"753ed3ac-4478-4c00-bcfd-821d5ef932ce","method":"GET","path":"/v1/sealed-inbox/:user_id","status":200,"latency_ms":565.1052},"target":"pqmsg_server::http"}
{"timestamp":"2026-03-31T08:58:51.219888Z","level":"INFO","fields":{"request_id":"8ce113ce-57a2-4c8f-acc4-83ddaee33bc9","method":"GET","path":"/v1/sealed-inbox/:user_id","status":200,"latency_ms":100.7278},"target":"pqmsg_server::http"}
{"timestamp":"2026-03-31T08:59:17.626266Z","level":"INFO","fields":{"event":"user_registered","outcome":"success","request_id":"","user_id":"sha256:41ed83ee1a0a7c42","device_id":"sha256:4d53dc9a9475bea8","detail":""},"target":"pqmsg_server::audit"}
{"timestamp":"2026-03-31T08:59:17.626603Z","level":"INFO","fields":{"request_id":"2f167f8c-1a0d-4a79-93fd-3b1cffaa72a7","method":"POST","path":"/v1/users/register","status":200,"latency_ms":35.8674},"target":"pqmsg_server::http"}
{"timestamp":"2026-03-31T08:59:17.713742Z","level":"INFO","fields":{"request_id":"af6d9bd5-1133-4f8e-8c3e-9681e17ae3f3","method":"POST","path":"/v1/users/:user_id/prekeys","status":200,"latency_ms":69.479},"target":"pqmsg_server::http"}
{"timestamp":"2026-03-31T08:59:17.743784Z","level":"INFO","fields":{"request_id":"be4dca62-164a-43a6-9b4b-acf143be583e","method":"POST","path":"/v1/users/:user_id/profile","status":200,"latency_ms":24.7416},"target":"pqmsg_server::http"}
{"timestamp":"2026-03-31T08:59:18.462879Z","level":"INFO","fields":{"request_id":"d1b162a9-269f-41a3-bcc5-e9fbe69def62","method":"GET","path":"/v1/capabilities","status":200,"latency_ms":0.31629999999999997},"target":"pqmsg_server::http"}
{"timestamp":"2026-03-31T08:59:18.465377Z","level":"INFO","fields":{"request_id":"7fc93883-5c53-46ea-bf87-118112165a6d","method":"GET","path":"/v1/capabilities","status":200,"latency_ms":0.3893},"target":"pqmsg_server::http"}
{"timestamp":"2026-03-31T08:59:18.478517Z","level":"INFO","fields":{"request_id":"0b773fe8-60e9-4b96-bd2e-a8a3ed284f58","method":"GET","path":"/v1/users/:user_id/contacts","status":200,"latency_ms":10.094199999999999},"target":"pqmsg_server::http"}
{"timestamp":"2026-03-31T08:59:18.488215Z","level":"INFO","fields":{"request_id":"d05668c5-1084-4799-83f1-32a2561f8485","method":"GET","path":"/v1/sealed-inbox/:user_id","status":200,"latency_ms":19.0413},"target":"pqmsg_server::http"}
{"timestamp":"2026-03-31T08:59:18.533372Z","level":"INFO","fields":{"request_id":"7ef34551-9db9-4016-8563-f6f379424ad3","method":"POST","path":"/v1/ws/sealed-inbox/:user_id/ticket","status":200,"latency_ms":26.2857},"target":"pqmsg_server::http"}
{"timestamp":"2026-03-31T08:59:18.577339Z","level":"INFO","fields":{"request_id":"ae53ab61-af5f-4517-b672-54d861dfb07c","method":"GET","path":"/v1/ws/sealed-inbox/:user_id","status":101,"latency_ms":37.1972},"target":"pqmsg_server::http"}
{"timestamp":"2026-03-31T08:59:19.578656Z","level":"INFO","fields":{"request_id":"30a37da2-a7dc-484a-9174-9fa1fc7ea306","method":"GET","path":"/v1/users/:user_id/prekeys/status","status":200,"latency_ms":10.0706},"target":"pqmsg_server::http"}
{"timestamp":"2026-03-31T08:59:20.368676Z","level":"INFO","fields":{"request_id":"512c742a-2e3f-4de6-a973-99cdb4374a46","method":"GET","path":"/v1/users/:user_id/devices","status":200,"latency_ms":85.62259999999999},"target":"pqmsg_server::http"}
{"timestamp":"2026-03-31T08:59:21.424200Z","level":"INFO","fields":{"request_id":"7c22c08a-5054-4add-922b-b60aa03eef2c","method":"GET","path":"/v1/users/:user_id/prekeys/status","status":200,"latency_ms":12.0611},"target":"pqmsg_server::http"}
{"timestamp":"2026-03-31T08:59:22.447927Z","level":"INFO","fields":{"request_id":"19ea778b-df95-410b-aa01-26f674d72a36","method":"GET","path":"/v1/capabilities","status":200,"latency_ms":0.3421},"target":"pqmsg_server::http"}
{"timestamp":"2026-03-31T08:59:22.469033Z","level":"INFO","fields":{"request_id":"381c543f-48ac-4965-aacf-fea02c9fe795","method":"GET","path":"/health","status":200,"latency_ms":22.345899999999997},"target":"pqmsg_server::http"}
{"timestamp":"2026-03-31T08:59:26.736126Z","level":"INFO","fields":{"event":"user_registered","outcome":"success","request_id":"","user_id":"sha256:d8d43dd20e066394","device_id":"sha256:40da615d5ad82d1e","detail":""},"target":"pqmsg_server::audit"}
{"timestamp":"2026-03-31T08:59:26.736597Z","level":"INFO","fields":{"request_id":"92d30a40-1c5c-4c24-90c1-8ade9269b901","method":"POST","path":"/v1/users/register","status":200,"latency_ms":31.889300000000002},"target":"pqmsg_server::http"}
{"timestamp":"2026-03-31T08:59:26.818307Z","level":"INFO","fields":{"request_id":"53c60b07-8775-4acd-84e8-6413e656b861","method":"POST","path":"/v1/users/:user_id/prekeys","status":200,"latency_ms":63.7755},"target":"pqmsg_server::http"}
{"timestamp":"2026-03-31T08:59:26.842803Z","level":"INFO","fields":{"request_id":"a3c62691-6e5b-49a0-9b5c-89cb793cb2f1","method":"POST","path":"/v1/users/:user_id/profile","status":200,"latency_ms":19.4871},"target":"pqmsg_server::http"}
{"timestamp":"2026-03-31T08:59:27.551096Z","level":"INFO","fields":{"request_id":"9bfd8c68-79da-42f5-8f6e-13edf7e97167","method":"GET","path":"/v1/capabilities","status":200,"latency_ms":0.2913},"target":"pqmsg_server::http"}
{"timestamp":"2026-03-31T08:59:27.559791Z","level":"INFO","fields":{"request_id":"bfd2c857-288e-429e-b7ce-00a3e5121e57","method":"GET","path":"/v1/capabilities","status":200,"latency_ms":0.2758},"target":"pqmsg_server::http"}
{"timestamp":"2026-03-31T08:59:27.569291Z","level":"INFO","fields":{"request_id":"166dc04f-75b2-46ad-bc42-2d44cc759552","method":"GET","path":"/v1/users/:user_id/contacts","status":200,"latency_ms":10.3424},"target":"pqmsg_server::http"}
{"timestamp":"2026-03-31T08:59:27.580265Z","level":"INFO","fields":{"request_id":"8a6eee30-ac97-495c-a70c-c7ec0e6abf7d","method":"GET","path":"/v1/sealed-inbox/:user_id","status":200,"latency_ms":20.738400000000002},"target":"pqmsg_server::http"}
{"timestamp":"2026-03-31T08:59:27.605750Z","level":"INFO","fields":{"request_id":"0f5a4a76-446e-4947-a0a7-0a27b04f1d00","method":"POST","path":"/v1/ws/sealed-inbox/:user_id/ticket","status":200,"latency_ms":18.411299999999997},"target":"pqmsg_server::http"}
{"timestamp":"2026-03-31T08:59:27.628873Z","level":"INFO","fields":{"request_id":"d7c99416-27a0-4dab-b04f-7c321f5990c4","method":"GET","path":"/v1/ws/sealed-inbox/:user_id","status":101,"latency_ms":19.8295},"target":"pqmsg_server::http"}
{"timestamp":"2026-03-31T08:59:28.124867Z","level":"INFO","fields":{"request_id":"932eff4d-039c-4c85-9f09-143daa76cf2c","method":"GET","path":"/v1/users/:user_id/contacts","status":200,"latency_ms":11.6898},"target":"pqmsg_server::http"}
{"timestamp":"2026-03-31T08:59:28.524400Z","level":"INFO","fields":{"request_id":"88f27427-640b-41f8-8a0f-1457a6ffa306","method":"GET","path":"/v1/sealed-inbox/:user_id","status":200,"latency_ms":47.5477},"target":"pqmsg_server::http"}
{"timestamp":"2026-03-31T08:59:29.766076Z","level":"INFO","fields":{"request_id":"4fd6be0a-1eff-476d-87f5-08de26e3b2cd","method":"GET","path":"/v1/users/:user_id/profile","status":200,"latency_ms":29.073600000000003},"target":"pqmsg_server::http"}
{"timestamp":"2026-03-31T08:59:29.802913Z","level":"INFO","fields":{"event":"auth_signature_invalid","outcome":"reject","request_id":"","user_id":"sha256:41ed83ee1a0a7c42","device_id":"sha256:4d53dc9a9475bea8","detail":"x-pqmsg-auth-signature verification failed"},"target":"pqmsg_server::audit"}
{"timestamp":"2026-03-31T08:59:29.805854Z","level":"INFO","fields":{"request_id":"7fb3b25d-70ed-44d4-a727-aca4280533e5","method":"POST","path":"/v1/users/:user_id/contacts","status":400,"latency_ms":33.627900000000004},"target":"pqmsg_server::http"}
{"timestamp":"2026-03-31T08:59:29.806571Z","level":"INFO","fields":{"event":"client_error","outcome":"reject","request_id":"7fb3b25d-70ed-44d4-a727-aca4280533e5","user_id":"","device_id":"","detail":"method=POST path=/v1/users/:user_id/contacts status=400"},"target":"pqmsg_server::audit"}
{"timestamp":"2026-03-31T08:59:29.888375Z","level":"INFO","fields":{"request_id":"03efa506-5d75-4d94-b880-ecfa88180f4c","method":"GET","path":"/v1/sealed-inbox/:user_id","status":200,"latency_ms":31.6983},"target":"pqmsg_server::http"}
{"timestamp":"2026-03-31T08:59:37.585363Z","level":"INFO","fields":{"request_id":"15db8dc4-6c8e-42b6-aba5-30deec8de879","method":"GET","path":"/v1/sealed-inbox/:user_id","status":200,"latency_ms":20.1011},"target":"pqmsg_server::http"}
{"timestamp":"2026-03-31T08:59:38.483478Z","level":"INFO","fields":{"request_id":"295860c1-5b9b-486d-b095-d41a6653073b","method":"GET","path":"/v1/sealed-inbox/:user_id","status":200,"latency_ms":15.0562},"target":"pqmsg_server::http"}
{"timestamp":"2026-03-31T08:59:47.581055Z","level":"INFO","fields":{"request_id":"24a7f3ce-4b27-4607-9740-ab29efb04d07","method":"GET","path":"/v1/sealed-inbox/:user_id","status":200,"latency_ms":18.006899999999998},"target":"pqmsg_server::http"}
{"timestamp":"2026-03-31T08:59:48.499288Z","level":"INFO","fields":{"request_id":"681822e0-6ab2-465c-a4f5-c76517651d24","method":"GET","path":"/v1/sealed-inbox/:user_id","status":200,"latency_ms":19.7898},"target":"pqmsg_server::http"}
{"timestamp":"2026-03-31T08:59:57.592016Z","level":"INFO","fields":{"request_id":"3df065be-ed35-4521-a44e-d80462a7c841","method":"GET","path":"/v1/sealed-inbox/:user_id","status":200,"latency_ms":23.1294},"target":"pqmsg_server::http"}
{"timestamp":"2026-03-31T08:59:58.493730Z","level":"INFO","fields":{"request_id":"965c23be-e595-4c3a-acff-3bbdb8516d6b","method":"GET","path":"/v1/sealed-inbox/:user_id","status":200,"latency_ms":27.0724},"target":"pqmsg_server::http"}
{"timestamp":"2026-03-31T09:00:07.575485Z","level":"INFO","fields":{"request_id":"a3a2ce3b-172c-4a4a-83fe-262912d5aefb","method":"GET","path":"/v1/sealed-inbox/:user_id","status":200,"latency_ms":16.5243},"target":"pqmsg_server::http"}
{"timestamp":"2026-03-31T09:00:08.499475Z","level":"INFO","fields":{"request_id":"5a6c5473-d23f-4ed0-a5fd-7005aa75e89a","method":"GET","path":"/v1/sealed-inbox/:user_id","status":200,"latency_ms":32.6188},"target":"pqmsg_server::http"}
{"timestamp":"2026-03-31T09:00:17.656298Z","level":"INFO","fields":{"request_id":"793cef76-768a-4f05-a8f4-e28bcdde9051","method":"GET","path":"/v1/sealed-inbox/:user_id","status":200,"latency_ms":93.58080000000001},"target":"pqmsg_server::http"}
{"timestamp":"2026-03-31T09:00:18.543679Z","level":"INFO","fields":{"request_id":"31b4b1db-6b33-4e33-99a1-4c85a69e04a0","method":"GET","path":"/v1/sealed-inbox/:user_id","status":200,"latency_ms":62.5481},"target":"pqmsg_server::http"}
{"timestamp":"2026-03-31T09:00:27.610758Z","level":"INFO","fields":{"request_id":"08fadf3b-9b46-485d-a54e-22669ac76ead","method":"GET","path":"/v1/sealed-inbox/:user_id","status":200,"latency_ms":42.159},"target":"pqmsg_server::http"}
{"timestamp":"2026-03-31T09:00:28.493150Z","level":"INFO","fields":{"request_id":"fb21317a-7e70-4a1d-9927-2bc7a2d40616","method":"GET","path":"/v1/sealed-inbox/:user_id","status":200,"latency_ms":18.903799999999997},"target":"pqmsg_server::http"}
{"timestamp":"2026-03-31T09:00:37.573507Z","level":"INFO","fields":{"request_id":"42605a39-a0ee-4b8d-a8ef-1faa6f03cae4","method":"GET","path":"/v1/sealed-inbox/:user_id","status":200,"latency_ms":15.4811},"target":"pqmsg_server::http"}
{"timestamp":"2026-03-31T09:00:38.492677Z","level":"INFO","fields":{"request_id":"51110a1e-1ca3-4395-8c52-ee69e16e74f7","method":"GET","path":"/v1/sealed-inbox/:user_id","status":200,"latency_ms":20.7559},"target":"pqmsg_server::http"}
{"timestamp":"2026-03-31T09:00:47.568166Z","level":"INFO","fields":{"request_id":"ab3d8b76-f2db-48e6-beff-581bf640cfe1","method":"GET","path":"/v1/sealed-inbox/:user_id","status":200,"latency_ms":14.2635},"target":"pqmsg_server::http"}
{"timestamp":"2026-03-31T09:00:48.516144Z","level":"INFO","fields":{"request_id":"dcb83ca7-8024-454c-b973-0bd4cdae2ac7","method":"GET","path":"/v1/sealed-inbox/:user_id","status":200,"latency_ms":30.7453},"target":"pqmsg_server::http"}
{"timestamp":"2026-03-31T09:01:22.051494Z","level":"INFO","fields":{"event":"user_registered","outcome":"success","request_id":"","user_id":"sha256:7297770dfc35d701","device_id":"sha256:993a8811426b9530","detail":""},"target":"pqmsg_server::audit"}
{"timestamp":"2026-03-31T09:01:22.051874Z","level":"INFO","fields":{"request_id":"cda97f31-406b-4485-9b9c-7b41c734991f","method":"POST","path":"/v1/users/register","status":200,"latency_ms":20.512},"target":"pqmsg_server::http"}
{"timestamp":"2026-03-31T09:01:22.122910Z","level":"INFO","fields":{"request_id":"debc0b99-b864-4147-a610-ef80dca9cd81","method":"POST","path":"/v1/users/:user_id/prekeys","status":200,"latency_ms":53.6143},"target":"pqmsg_server::http"}
{"timestamp":"2026-03-31T09:01:22.144168Z","level":"INFO","fields":{"request_id":"9a8429f5-0838-4164-b97a-4889f6c5ef16","method":"POST","path":"/v1/users/:user_id/profile","status":200,"latency_ms":16.322799999999997},"target":"pqmsg_server::http"}
{"timestamp":"2026-03-31T09:01:22.852100Z","level":"INFO","fields":{"request_id":"0cbdf404-c408-41e9-b53e-ae82e9c08c31","method":"GET","path":"/v1/capabilities","status":200,"latency_ms":0.3051},"target":"pqmsg_server::http"}
{"timestamp":"2026-03-31T09:01:22.860155Z","level":"INFO","fields":{"request_id":"80f23431-9dbf-4b97-adbd-85361a5fbf23","method":"GET","path":"/v1/capabilities","status":200,"latency_ms":0.3012},"target":"pqmsg_server::http"}
{"timestamp":"2026-03-31T09:01:22.876750Z","level":"INFO","fields":{"request_id":"35e875de-4c7a-4db0-ba93-75587dabe5ba","method":"GET","path":"/v1/sealed-inbox/:user_id","status":200,"latency_ms":15.4238},"target":"pqmsg_server::http"}
{"timestamp":"2026-03-31T09:01:22.881534Z","level":"INFO","fields":{"request_id":"fc3fa801-0de7-4ebb-b9e3-74423af3d9fd","method":"GET","path":"/v1/users/:user_id/contacts","status":200,"latency_ms":20.2085},"target":"pqmsg_server::http"}
{"timestamp":"2026-03-31T09:01:22.904326Z","level":"INFO","fields":{"request_id":"e80209ae-8e9e-409e-b987-f39dce813dab","method":"POST","path":"/v1/ws/sealed-inbox/:user_id/ticket","status":200,"latency_ms":15.5622},"target":"pqmsg_server::http"}
{"timestamp":"2026-03-31T09:01:22.914729Z","level":"INFO","fields":{"request_id":"a1bb3f29-244c-4234-971c-d42dc161d747","method":"GET","path":"/v1/ws/sealed-inbox/:user_id","status":101,"latency_ms":7.284599999999999},"target":"pqmsg_server::http"}
{"timestamp":"2026-03-31T09:01:23.536260Z","level":"INFO","fields":{"request_id":"1d13c9b9-5a86-4bfd-8edf-7fcf683bc1a5","method":"GET","path":"/v1/users/:user_id/prekeys/status","status":200,"latency_ms":9.5219},"target":"pqmsg_server::http"}
{"timestamp":"2026-03-31T09:01:24.206749Z","level":"INFO","fields":{"request_id":"52442045-dc66-4aad-a683-338929618977","method":"GET","path":"/v1/users/:user_id/devices","status":200,"latency_ms":9.6815},"target":"pqmsg_server::http"}
{"timestamp":"2026-03-31T09:01:25.304784Z","level":"INFO","fields":{"request_id":"e216fdc4-2a53-4be8-a9d8-f03106f62453","method":"GET","path":"/v1/users/:user_id/prekeys/status","status":200,"latency_ms":10.5816},"target":"pqmsg_server::http"}
{"timestamp":"2026-03-31T09:01:26.306282Z","level":"INFO","fields":{"request_id":"828cfcfa-959c-4fc3-9354-7a1a2cbed5d7","method":"GET","path":"/health","status":200,"latency_ms":0.6769000000000001},"target":"pqmsg_server::http"}
{"timestamp":"2026-03-31T09:01:26.306297Z","level":"INFO","fields":{"request_id":"89ecc74d-01af-4d50-9bc1-64850bbe0379","method":"GET","path":"/v1/capabilities","status":200,"latency_ms":0.245},"target":"pqmsg_server::http"}
{"timestamp":"2026-03-31T09:01:30.453164Z","level":"INFO","fields":{"event":"user_registered","outcome":"success","request_id":"","user_id":"sha256:f8d2487f7a707478","device_id":"sha256:2d17f241bf5c76ed","detail":""},"target":"pqmsg_server::audit"}
{"timestamp":"2026-03-31T09:01:30.453597Z","level":"INFO","fields":{"request_id":"5574baeb-9d32-4b5b-8807-e736a93d6b94","method":"POST","path":"/v1/users/register","status":200,"latency_ms":22.708099999999998},"target":"pqmsg_server::http"}
{"timestamp":"2026-03-31T09:01:30.523418Z","level":"INFO","fields":{"request_id":"42be5d2d-7778-4867-8f49-5514257a246d","method":"POST","path":"/v1/users/:user_id/prekeys","status":200,"latency_ms":53.357},"target":"pqmsg_server::http"}
{"timestamp":"2026-03-31T09:01:30.542383Z","level":"INFO","fields":{"request_id":"c18a5c3d-b752-43ff-b1c0-06365afb22ea","method":"POST","path":"/v1/users/:user_id/profile","status":200,"latency_ms":14.0858},"target":"pqmsg_server::http"}
{"timestamp":"2026-03-31T09:01:31.250720Z","level":"INFO","fields":{"request_id":"08d24691-fa67-482f-b48d-faf79052832f","method":"GET","path":"/v1/capabilities","status":200,"latency_ms":0.28200000000000003},"target":"pqmsg_server::http"}
{"timestamp":"2026-03-31T09:01:31.258940Z","level":"INFO","fields":{"request_id":"02f6211a-905d-4a1a-9ad6-ab88f139e222","method":"GET","path":"/v1/capabilities","status":200,"latency_ms":0.2772},"target":"pqmsg_server::http"}
{"timestamp":"2026-03-31T09:01:31.268661Z","level":"INFO","fields":{"request_id":"ee337d2b-78d1-43e1-bfd9-c3db197bb78a","method":"GET","path":"/v1/users/:user_id/contacts","status":200,"latency_ms":9.9938},"target":"pqmsg_server::http"}
{"timestamp":"2026-03-31T09:01:31.273912Z","level":"INFO","fields":{"request_id":"10aa7667-15a1-476e-a285-08807614a99f","method":"GET","path":"/v1/sealed-inbox/:user_id","status":200,"latency_ms":15.7378},"target":"pqmsg_server::http"}
{"timestamp":"2026-03-31T09:01:31.314212Z","level":"INFO","fields":{"request_id":"1d83c293-b358-4c30-9844-eded2e00c2d0","method":"POST","path":"/v1/ws/sealed-inbox/:user_id/ticket","status":200,"latency_ms":26.9735},"target":"pqmsg_server::http"}
{"timestamp":"2026-03-31T09:01:31.322854Z","level":"INFO","fields":{"request_id":"8f4b5c8a-a406-488e-9c4a-c9b4a0701da6","method":"GET","path":"/v1/ws/sealed-inbox/:user_id","status":101,"latency_ms":5.9326},"target":"pqmsg_server::http"}
{"timestamp":"2026-03-31T09:01:31.830528Z","level":"INFO","fields":{"request_id":"af120f57-fe8c-441e-a06b-8a8acbbc1d11","method":"GET","path":"/v1/users/:user_id/contacts","status":200,"latency_ms":12.0912},"target":"pqmsg_server::http"}
{"timestamp":"2026-03-31T09:01:32.880218Z","level":"INFO","fields":{"request_id":"3e14d25c-1bcc-42b4-87fd-6a740f10b182","method":"GET","path":"/v1/sealed-inbox/:user_id","status":200,"latency_ms":21.430899999999998},"target":"pqmsg_server::http"}
{"timestamp":"2026-03-31T09:01:33.419088Z","level":"INFO","fields":{"request_id":"5bc57d21-2a4f-4f4f-a018-db7e18105d4b","method":"GET","path":"/v1/users/:user_id/profile","status":200,"latency_ms":10.8915},"target":"pqmsg_server::http"}
{"timestamp":"2026-03-31T09:01:33.443883Z","level":"INFO","fields":{"event":"auth_signature_invalid","outcome":"reject","request_id":"","user_id":"sha256:7297770dfc35d701","device_id":"sha256:993a8811426b9530","detail":"x-pqmsg-auth-signature verification failed"},"target":"pqmsg_server::audit"}
{"timestamp":"2026-03-31T09:01:33.444404Z","level":"INFO","fields":{"request_id":"bd3f02db-acb1-4167-98de-2987f7075caf","method":"POST","path":"/v1/users/:user_id/contacts","status":400,"latency_ms":16.203599999999998},"target":"pqmsg_server::http"}
{"timestamp":"2026-03-31T09:01:33.444772Z","level":"INFO","fields":{"event":"client_error","outcome":"reject","request_id":"bd3f02db-acb1-4167-98de-2987f7075caf","user_id":"","device_id":"","detail":"method=POST path=/v1/users/:user_id/contacts status=400"},"target":"pqmsg_server::audit"}
{"timestamp":"2026-03-31T09:01:33.493660Z","level":"INFO","fields":{"request_id":"e5bb6813-1aff-457e-91e4-f03700812587","method":"GET","path":"/v1/sealed-inbox/:user_id","status":200,"latency_ms":19.4752},"target":"pqmsg_server::http"}
{"timestamp":"2026-03-31T09:01:34.632078Z","level":"INFO","fields":{"request_id":"f20ff73b-68c9-4166-bf88-9ebacbd51e79","method":"GET","path":"/v1/users/:user_id/bundle","status":200,"latency_ms":16.1936},"target":"pqmsg_server::http"}
{"timestamp":"2026-03-31T09:01:34.641287Z","level":"INFO","fields":{"request_id":"b64cfda1-0c08-441b-bf28-8dd4139ee13d","method":"GET","path":"/v1/transparency/users/:user_id/proof","status":200,"latency_ms":5.997599999999999},"target":"pqmsg_server::http"}
{"timestamp":"2026-03-31T09:01:34.769818Z","level":"INFO","fields":{"request_id":"08bbc7f2-b1fd-4e77-bc24-fef342c05bd5","method":"GET","path":"/v1/users/:user_id/sender-certificate","status":200,"latency_ms":11.641399999999999},"target":"pqmsg_server::http"}
{"timestamp":"2026-03-31T09:01:34.788583Z","level":"INFO","fields":{"request_id":"e3bfb243-2e15-4708-9088-e430f5af7b81","method":"GET","path":"/v1/users/:user_id/profile","status":200,"latency_ms":9.641200000000001},"target":"pqmsg_server::http"}
{"timestamp":"2026-03-31T09:01:34.807215Z","level":"INFO","fields":{"event":"auth_signature_invalid","outcome":"reject","request_id":"","user_id":"sha256:7297770dfc35d701","device_id":"sha256:993a8811426b9530","detail":"x-pqmsg-auth-signature verification failed"},"target":"pqmsg_server::audit"}
{"timestamp":"2026-03-31T09:01:34.807700Z","level":"INFO","fields":{"request_id":"1380b1c4-16ec-42ab-a1e7-4814805f96ca","method":"POST","path":"/v1/users/:user_id/contacts","status":400,"latency_ms":15.730999999999998},"target":"pqmsg_server::http"}
{"timestamp":"2026-03-31T09:01:34.808000Z","level":"INFO","fields":{"event":"client_error","outcome":"reject","request_id":"1380b1c4-16ec-42ab-a1e7-4814805f96ca","user_id":"","device_id":"","detail":"method=POST path=/v1/users/:user_id/contacts status=400"},"target":"pqmsg_server::audit"}
{"timestamp":"2026-03-31T09:01:36.131066Z","level":"INFO","fields":{"request_id":"0e1c49fa-bd3f-4a68-ad4b-078cf62e37a3","method":"GET","path":"/v1/users/:user_id/contacts","status":200,"latency_ms":9.427100000000001},"target":"pqmsg_server::http"}
{"timestamp":"2026-03-31T09:01:37.718033Z","level":"INFO","fields":{"request_id":"243030f3-f089-4fdc-a14b-3f8c57ccd249","method":"GET","path":"/v1/users/:user_id/profile","status":200,"latency_ms":10.7201},"target":"pqmsg_server::http"}
{"timestamp":"2026-03-31T09:01:37.742847Z","level":"INFO","fields":{"event":"auth_signature_invalid","outcome":"reject","request_id":"","user_id":"sha256:f8d2487f7a707478","device_id":"sha256:2d17f241bf5c76ed","detail":"x-pqmsg-auth-signature verification failed"},"target":"pqmsg_server::audit"}
{"timestamp":"2026-03-31T09:01:37.743426Z","level":"INFO","fields":{"request_id":"d1d76649-68f3-4c19-b886-ed4a66f2c0a2","method":"POST","path":"/v1/users/:user_id/contacts","status":400,"latency_ms":15.810999999999998},"target":"pqmsg_server::http"}
{"timestamp":"2026-03-31T09:01:37.743802Z","level":"INFO","fields":{"event":"client_error","outcome":"reject","request_id":"d1d76649-68f3-4c19-b886-ed4a66f2c0a2","user_id":"","device_id":"","detail":"method=POST path=/v1/users/:user_id/contacts status=400"},"target":"pqmsg_server::audit"}
{"timestamp":"2026-03-31T09:01:37.794311Z","level":"INFO","fields":{"request_id":"0f44263c-54b9-4ccb-a7dc-c8cfbb412652","method":"GET","path":"/v1/sealed-inbox/:user_id","status":200,"latency_ms":15.931799999999999},"target":"pqmsg_server::http"}
{"timestamp":"2026-03-31T09:01:38.902899Z","level":"INFO","fields":{"request_id":"e671cc3a-a589-4c06-b983-79cfd8dd41f6","method":"GET","path":"/v1/users/:user_id/bundle","status":200,"latency_ms":10.3645},"target":"pqmsg_server::http"}
{"timestamp":"2026-03-31T09:01:38.910181Z","level":"INFO","fields":{"request_id":"3dd848a3-66ee-4f70-ba55-f3c31c9d3123","method":"GET","path":"/v1/transparency/users/:user_id/proof","status":200,"latency_ms":3.8176},"target":"pqmsg_server::http"}
{"timestamp":"2026-03-31T09:01:39.030985Z","level":"INFO","fields":{"request_id":"864176eb-30ef-4a99-91f5-c8c338f197ac","method":"GET","path":"/v1/users/:user_id/sender-certificate","status":200,"latency_ms":9.3753},"target":"pqmsg_server::http"}
{"timestamp":"2026-03-31T09:01:39.050198Z","level":"INFO","fields":{"request_id":"304c69bd-41d2-4da0-a4d8-80e3d97ce39e","method":"GET","path":"/v1/users/:user_id/profile","status":200,"latency_ms":9.9526},"target":"pqmsg_server::http"}
{"timestamp":"2026-03-31T09:01:39.068517Z","level":"INFO","fields":{"event":"auth_signature_invalid","outcome":"reject","request_id":"","user_id":"sha256:f8d2487f7a707478","device_id":"sha256:2d17f241bf5c76ed","detail":"x-pqmsg-auth-signature verification failed"},"target":"pqmsg_server::audit"}
{"timestamp":"2026-03-31T09:01:39.068999Z","level":"INFO","fields":{"request_id":"056e0a6f-eb91-4510-a685-6c1f0c0a6d0a","method":"POST","path":"/v1/users/:user_id/contacts","status":400,"latency_ms":15.1651},"target":"pqmsg_server::http"}
{"timestamp":"2026-03-31T09:01:39.069281Z","level":"INFO","fields":{"event":"client_error","outcome":"reject","request_id":"056e0a6f-eb91-4510-a685-6c1f0c0a6d0a","user_id":"","device_id":"","detail":"method=POST path=/v1/users/:user_id/contacts status=400"},"target":"pqmsg_server::audit"}
{"timestamp":"2026-03-31T09:01:40.534595Z","level":"INFO","fields":{"request_id":"21fd3ad6-ef1e-4200-ba42-64bd455853d2","method":"GET","path":"/v1/sealed-inbox/:user_id","status":200,"latency_ms":22.569},"target":"pqmsg_server::http"}
{"timestamp":"2026-03-31T09:01:41.275743Z","level":"INFO","fields":{"request_id":"a2ddce79-7f45-409d-9090-0b92af336399","method":"GET","path":"/v1/sealed-inbox/:user_id","status":200,"latency_ms":21.0926},"target":"pqmsg_server::http"}
{"timestamp":"2026-03-31T09:01:42.879430Z","level":"INFO","fields":{"request_id":"e604f948-813b-44c5-9254-6568dfa3af46","method":"GET","path":"/v1/sealed-inbox/:user_id","status":200,"latency_ms":20.8195},"target":"pqmsg_server::http"}
{"timestamp":"2026-03-31T09:01:44.181188Z","level":"INFO","fields":{"request_id":"277f4efb-82c8-4dc7-830b-4003f1ee9a65","method":"GET","path":"/v1/users/:user_id/contacts","status":200,"latency_ms":9.4994},"target":"pqmsg_server::http"}
{"timestamp":"2026-03-31T09:01:44.184058Z","level":"INFO","fields":{"request_id":"55a8f001-3eb8-41f6-9522-5afeb0d689ae","method":"GET","path":"/v1/users/:user_id/profile","status":200,"latency_ms":11.2836},"target":"pqmsg_server::http"}
{"timestamp":"2026-03-31T09:01:51.287968Z","level":"INFO","fields":{"request_id":"be12747d-a458-49bc-bb42-af8d301d76a5","method":"GET","path":"/v1/sealed-inbox/:user_id","status":200,"latency_ms":22.8505},"target":"pqmsg_server::http"}
{"timestamp":"2026-03-31T09:01:52.877214Z","level":"INFO","fields":{"request_id":"e1b483e0-d570-4e3d-89aa-8e8243452703","method":"GET","path":"/v1/sealed-inbox/:user_id","status":200,"latency_ms":20.188100000000002},"target":"pqmsg_server::http"}
{"timestamp":"2026-03-31T09:02:01.283942Z","level":"INFO","fields":{"request_id":"530efc04-904a-480f-a456-a55fd3db8ecc","method":"GET","path":"/v1/sealed-inbox/:user_id","status":200,"latency_ms":19.7045},"target":"pqmsg_server::http"}
{"timestamp":"2026-03-31T09:02:02.874117Z","level":"INFO","fields":{"request_id":"33412994-9226-4cc8-b21d-3e7c16864a70","method":"GET","path":"/v1/sealed-inbox/:user_id","status":200,"latency_ms":16.8524},"target":"pqmsg_server::http"}
{"timestamp":"2026-03-31T09:02:11.276229Z","level":"INFO","fields":{"request_id":"0dfed128-3480-4321-8f2d-b8f51782cb76","method":"GET","path":"/v1/sealed-inbox/:user_id","status":200,"latency_ms":18.7424},"target":"pqmsg_server::http"}
{"timestamp":"2026-03-31T09:02:12.887770Z","level":"INFO","fields":{"request_id":"05634afd-b575-4145-9bd8-7635630e219e","method":"GET","path":"/v1/sealed-inbox/:user_id","status":200,"latency_ms":19.3907},"target":"pqmsg_server::http"}
{"timestamp":"2026-03-31T09:02:21.288578Z","level":"INFO","fields":{"request_id":"265e8c3a-949f-411f-a735-db4d2ebb6a86","method":"GET","path":"/v1/sealed-inbox/:user_id","status":200,"latency_ms":20.683},"target":"pqmsg_server::http"}
{"timestamp":"2026-03-31T09:02:22.881553Z","level":"INFO","fields":{"request_id":"3ba151b0-5551-4083-9cfa-1d9abb8df323","method":"GET","path":"/v1/sealed-inbox/:user_id","status":200,"latency_ms":20.4265},"target":"pqmsg_server::http"}
{"timestamp":"2026-03-31T09:02:26.168511Z","level":"INFO","fields":{"message":"stale data reaper cleanup","dedup":0,"consumed_otk_x25519":2,"consumed_otk_mlkem":2,"expired_challenges":0,"expired_presence":0,"expired_typing":0,"expired_ws_tickets":0,"delivered_relay":0,"delivered_sealed_relay":0,"expired_receipts":0,"orphaned_message_expiry":0},"target":"pqmsg_server::handlers::ephemeral"}
{"timestamp":"2026-03-31T09:02:31.274247Z","level":"INFO","fields":{"request_id":"c4271912-e06d-4ad1-ae4b-606e67a6a0b4","method":"GET","path":"/v1/sealed-inbox/:user_id","status":200,"latency_ms":19.907},"target":"pqmsg_server::http"}
{"timestamp":"2026-03-31T09:02:32.890455Z","level":"INFO","fields":{"request_id":"33872061-5d90-4fba-80ef-18fa73e08aff","method":"GET","path":"/v1/sealed-inbox/:user_id","status":200,"latency_ms":20.2608},"target":"pqmsg_server::http"}
{"timestamp":"2026-03-31T09:02:41.290514Z","level":"INFO","fields":{"request_id":"ec7e3858-7ad7-4cf3-a0a7-19e081c0ce50","method":"GET","path":"/v1/sealed-inbox/:user_id","status":200,"latency_ms":21.0971},"target":"pqmsg_server::http"}
{"timestamp":"2026-03-31T09:02:42.889445Z","level":"INFO","fields":{"request_id":"469ad39b-4505-497b-a647-313d9ab31367","method":"GET","path":"/v1/sealed-inbox/:user_id","status":200,"latency_ms":19.9453},"target":"pqmsg_server::http"}
{"timestamp":"2026-03-31T09:02:51.292912Z","level":"INFO","fields":{"request_id":"61c39a25-4b10-4ea8-9671-26b1e610a8e1","method":"GET","path":"/v1/sealed-inbox/:user_id","status":200,"latency_ms":23.1128},"target":"pqmsg_server::http"}
{"timestamp":"2026-03-31T09:02:52.887633Z","level":"INFO","fields":{"request_id":"a6710a18-ce63-4e27-9a7b-a45166340ae5","method":"GET","path":"/v1/sealed-inbox/:user_id","status":200,"latency_ms":22.3642},"target":"pqmsg_server::http"}
{"timestamp":"2026-03-31T09:06:18.502032Z","level":"INFO","fields":{"event":"user_registered","outcome":"success","request_id":"","user_id":"sha256:fe8f044c6b678639","device_id":"sha256:b6cd87d3d547a398","detail":""},"target":"pqmsg_server::audit"}
{"timestamp":"2026-03-31T09:06:18.502415Z","level":"INFO","fields":{"request_id":"65eca9d9-2bd1-494f-93e2-6527555ba820","method":"POST","path":"/v1/users/register","status":200,"latency_ms":23.7944},"target":"pqmsg_server::http"}
{"timestamp":"2026-03-31T09:06:18.586158Z","level":"INFO","fields":{"request_id":"a9b07875-dfea-4574-ad74-de98828521fc","method":"POST","path":"/v1/users/:user_id/prekeys","status":200,"latency_ms":62.091300000000004},"target":"pqmsg_server::http"}
{"timestamp":"2026-03-31T09:06:18.610638Z","level":"INFO","fields":{"request_id":"e2a4a434-7907-44e9-8305-1be52552321b","method":"POST","path":"/v1/users/:user_id/profile","status":200,"latency_ms":18.699199999999998},"target":"pqmsg_server::http"}
{"timestamp":"2026-03-31T09:06:19.382743Z","level":"INFO","fields":{"request_id":"091779e0-2508-415d-a699-287f88ccca08","method":"GET","path":"/v1/capabilities","status":200,"latency_ms":0.3316},"target":"pqmsg_server::http"}
{"timestamp":"2026-03-31T09:06:19.386932Z","level":"INFO","fields":{"request_id":"224d688b-1a71-4aa6-b5de-0c55f4569a88","method":"GET","path":"/v1/capabilities","status":200,"latency_ms":0.3268},"target":"pqmsg_server::http"}
{"timestamp":"2026-03-31T09:06:19.397645Z","level":"INFO","fields":{"request_id":"6a71fc01-33f5-4805-ba26-41b760bd7e69","method":"GET","path":"/v1/users/:user_id/contacts","status":200,"latency_ms":9.7103},"target":"pqmsg_server::http"}
{"timestamp":"2026-03-31T09:06:19.405915Z","level":"INFO","fields":{"request_id":"cfce7f0a-bb59-450e-bb94-56d16245d4ba","method":"GET","path":"/v1/sealed-inbox/:user_id","status":200,"latency_ms":17.113799999999998},"target":"pqmsg_server::http"}
{"timestamp":"2026-03-31T09:06:19.437735Z","level":"INFO","fields":{"request_id":"b03da853-a148-49d3-93a5-a7265b6eaeb3","method":"POST","path":"/v1/ws/sealed-inbox/:user_id/ticket","status":200,"latency_ms":18.0627},"target":"pqmsg_server::http"}
{"timestamp":"2026-03-31T09:06:19.448929Z","level":"INFO","fields":{"request_id":"eb5d22e8-07ba-4df6-9297-34976548be2f","method":"GET","path":"/v1/ws/sealed-inbox/:user_id","status":101,"latency_ms":6.638},"target":"pqmsg_server::http"}
{"timestamp":"2026-03-31T09:06:21.521232Z","level":"INFO","fields":{"request_id":"71fe9d06-bcba-4bd0-9f27-1bafa085308d","method":"POST","path":"/v1/private-groups/state/publish","status":200,"latency_ms":20.8733},"target":"pqmsg_server::http"}
{"timestamp":"2026-03-31T09:06:21.532923Z","level":"INFO","fields":{"request_id":"fd2fe345-fedb-489f-8be9-1e1df88dd4f5","method":"POST","path":"/v1/private-groups/messages/fetch","status":200,"latency_ms":2.4915},"target":"pqmsg_server::http"}
{"timestamp":"2026-03-31T09:06:24.288378Z","level":"INFO","fields":{"request_id":"b277eaaf-78cb-4e9d-ba5a-00d4f8e578ce","method":"GET","path":"/v1/users/:user_id/prekeys/status","status":200,"latency_ms":9.7822},"target":"pqmsg_server::http"}
{"timestamp":"2026-03-31T09:06:24.982907Z","level":"INFO","fields":{"request_id":"a7ec9cc5-cea6-4aad-bfbb-c47b976b7cb8","method":"GET","path":"/v1/users/:user_id/devices","status":200,"latency_ms":11.3365},"target":"pqmsg_server::http"}
{"timestamp":"2026-03-31T09:06:26.070394Z","level":"INFO","fields":{"request_id":"4a06e680-6fab-428d-84ae-7ea5eb6f531e","method":"GET","path":"/v1/users/:user_id/prekeys/status","status":200,"latency_ms":11.2238},"target":"pqmsg_server::http"}
{"timestamp":"2026-03-31T09:06:27.077774Z","level":"INFO","fields":{"request_id":"0e6104dd-a430-4b7c-94e6-15a651574c3e","method":"GET","path":"/health","status":200,"latency_ms":0.5952000000000001},"target":"pqmsg_server::http"}
{"timestamp":"2026-03-31T09:06:27.077869Z","level":"INFO","fields":{"request_id":"9e182e09-75d0-4428-94cc-c9a4bd0bd066","method":"GET","path":"/v1/capabilities","status":200,"latency_ms":0.2258},"target":"pqmsg_server::http"}
{"timestamp":"2026-03-31T09:06:29.410939Z","level":"INFO","fields":{"request_id":"359dd5a5-6614-475b-bb02-a22a425079d5","method":"GET","path":"/v1/sealed-inbox/:user_id","status":200,"latency_ms":21.6085},"target":"pqmsg_server::http"}
{"timestamp":"2026-03-31T09:06:31.218763Z","level":"INFO","fields":{"event":"user_registered","outcome":"success","request_id":"","user_id":"sha256:bb82e42d46d88721","device_id":"sha256:db59d6939244d9d6","detail":""},"target":"pqmsg_server::audit"}
{"timestamp":"2026-03-31T09:06:31.219423Z","level":"INFO","fields":{"request_id":"0188a188-0a99-4285-8459-0a75a6c9f205","method":"POST","path":"/v1/users/register","status":200,"latency_ms":22.441599999999998},"target":"pqmsg_server::http"}
{"timestamp":"2026-03-31T09:06:31.292462Z","level":"INFO","fields":{"request_id":"c5eb88ab-430f-48a6-80bc-6d9a957ce16a","method":"POST","path":"/v1/users/:user_id/prekeys","status":200,"latency_ms":53.8905},"target":"pqmsg_server::http"}
{"timestamp":"2026-03-31T09:06:31.313609Z","level":"INFO","fields":{"request_id":"a40af14a-5dd2-4a19-b151-7663d2a16a1f","method":"POST","path":"/v1/users/:user_id/profile","status":200,"latency_ms":15.119900000000001},"target":"pqmsg_server::http"}
{"timestamp":"2026-03-31T09:06:32.022982Z","level":"INFO","fields":{"request_id":"b27d40e9-2c2d-4723-b597-fff917ac6259","method":"GET","path":"/v1/capabilities","status":200,"latency_ms":0.3271},"target":"pqmsg_server::http"}
{"timestamp":"2026-03-31T09:06:32.029679Z","level":"INFO","fields":{"request_id":"4b3d9cfa-1f6f-4d66-b60a-942aa00410c9","method":"GET","path":"/v1/capabilities","status":200,"latency_ms":0.2852},"target":"pqmsg_server::http"}
{"timestamp":"2026-03-31T09:06:32.039821Z","level":"INFO","fields":{"request_id":"dcc0c7f8-36fb-4298-b8f3-a5aef344c169","method":"GET","path":"/v1/users/:user_id/contacts","status":200,"latency_ms":9.1815},"target":"pqmsg_server::http"}
{"timestamp":"2026-03-31T09:06:32.046701Z","level":"INFO","fields":{"request_id":"e4bc62d1-98b9-412a-8fd0-9e958fe9cf6c","method":"GET","path":"/v1/sealed-inbox/:user_id","status":200,"latency_ms":15.908800000000001},"target":"pqmsg_server::http"}
{"timestamp":"2026-03-31T09:06:32.070416Z","level":"INFO","fields":{"request_id":"d8a1573f-a8cf-41ec-87a9-2f131ea26a9c","method":"POST","path":"/v1/ws/sealed-inbox/:user_id/ticket","status":200,"latency_ms":16.4055},"target":"pqmsg_server::http"}
{"timestamp":"2026-03-31T09:06:32.080265Z","level":"INFO","fields":{"request_id":"e7620ec9-ec93-4ad6-a75a-e22086c8895d","method":"GET","path":"/v1/ws/sealed-inbox/:user_id","status":101,"latency_ms":6.4195},"target":"pqmsg_server::http"}
{"timestamp":"2026-03-31T09:06:32.580733Z","level":"INFO","fields":{"request_id":"b4d21890-5965-4da1-9957-3a5809cc2dc3","method":"GET","path":"/v1/users/:user_id/contacts","status":200,"latency_ms":9.6522},"target":"pqmsg_server::http"}
{"timestamp":"2026-03-31T09:06:34.165156Z","level":"INFO","fields":{"request_id":"06e654c3-b021-428b-a894-532aaf5174e0","method":"GET","path":"/v1/users/:user_id/profile","status":200,"latency_ms":10.825},"target":"pqmsg_server::http"}
{"timestamp":"2026-03-31T09:06:34.190136Z","level":"INFO","fields":{"event":"auth_signature_invalid","outcome":"reject","request_id":"","user_id":"sha256:fe8f044c6b678639","device_id":"sha256:b6cd87d3d547a398","detail":"x-pqmsg-auth-signature verification failed"},"target":"pqmsg_server::audit"}
{"timestamp":"2026-03-31T09:06:34.190695Z","level":"INFO","fields":{"request_id":"faf0c93f-6112-4e70-b910-576296786e7b","method":"POST","path":"/v1/users/:user_id/contacts","status":400,"latency_ms":16.293},"target":"pqmsg_server::http"}
{"timestamp":"2026-03-31T09:06:34.191083Z","level":"INFO","fields":{"event":"client_error","outcome":"reject","request_id":"faf0c93f-6112-4e70-b910-576296786e7b","user_id":"","device_id":"","detail":"method=POST path=/v1/users/:user_id/contacts status=400"},"target":"pqmsg_server::audit"}
{"timestamp":"2026-03-31T09:06:34.220955Z","level":"INFO","fields":{"request_id":"90c7b88e-5388-4e4b-a44e-abc773379849","method":"GET","path":"/v1/sealed-inbox/:user_id","status":200,"latency_ms":16.4224},"target":"pqmsg_server::http"}
{"timestamp":"2026-03-31T09:06:35.006419Z","level":"INFO","fields":{"request_id":"c7059c5d-44b1-4c39-81f4-5842c22c45b3","method":"GET","path":"/v1/users/:user_id/bundle","status":200,"latency_ms":11.7328},"target":"pqmsg_server::http"}
{"timestamp":"2026-03-31T09:06:35.015103Z","level":"INFO","fields":{"request_id":"a7bd6f56-5d3a-4ad0-ad96-b0500532aa5a","method":"GET","path":"/v1/transparency/users/:user_id/proof","status":200,"latency_ms":4.6747000000000005},"target":"pqmsg_server::http"}
{"timestamp":"2026-03-31T09:06:35.129569Z","level":"INFO","fields":{"request_id":"ed580186-af84-47aa-afb5-3d6aee6c7857","method":"GET","path":"/v1/users/:user_id/sender-certificate","status":200,"latency_ms":9.4793},"target":"pqmsg_server::http"}
{"timestamp":"2026-03-31T09:06:35.153215Z","level":"INFO","fields":{"request_id":"6e42c84a-a0d5-4973-9437-ae16b13fa20c","method":"GET","path":"/v1/users/:user_id/profile","status":200,"latency_ms":10.437800000000001},"target":"pqmsg_server::http"}
{"timestamp":"2026-03-31T09:06:35.172137Z","level":"INFO","fields":{"event":"auth_signature_invalid","outcome":"reject","request_id":"","user_id":"sha256:fe8f044c6b678639","device_id":"sha256:b6cd87d3d547a398","detail":"x-pqmsg-auth-signature verification failed"},"target":"pqmsg_server::audit"}
{"timestamp":"2026-03-31T09:06:35.172710Z","level":"INFO","fields":{"request_id":"78b87159-a370-4f7c-9d4d-f783ced019af","method":"POST","path":"/v1/users/:user_id/contacts","status":400,"latency_ms":15.6207},"target":"pqmsg_server::http"}
{"timestamp":"2026-03-31T09:06:35.173061Z","level":"INFO","fields":{"event":"client_error","outcome":"reject","request_id":"78b87159-a370-4f7c-9d4d-f783ced019af","user_id":"","device_id":"","detail":"method=POST path=/v1/users/:user_id/contacts status=400"},"target":"pqmsg_server::audit"}
{"timestamp":"2026-03-31T09:06:36.520753Z","level":"INFO","fields":{"request_id":"43309066-6fa5-43e6-a470-84624379b2a2","method":"GET","path":"/v1/users/:user_id/contacts","status":200,"latency_ms":10.862200000000001},"target":"pqmsg_server::http"}
{"timestamp":"2026-03-31T09:06:38.103828Z","level":"INFO","fields":{"request_id":"793ab6fd-064a-402d-bfec-b9dde74fef06","method":"GET","path":"/v1/users/:user_id/profile","status":200,"latency_ms":11.0206},"target":"pqmsg_server::http"}
{"timestamp":"2026-03-31T09:06:38.129318Z","level":"INFO","fields":{"event":"auth_signature_invalid","outcome":"reject","request_id":"","user_id":"sha256:bb82e42d46d88721","device_id":"sha256:db59d6939244d9d6","detail":"x-pqmsg-auth-signature verification failed"},"target":"pqmsg_server::audit"}
{"timestamp":"2026-03-31T09:06:38.129874Z","level":"INFO","fields":{"request_id":"ad61cc4a-1553-4ca9-a484-8b8caa63c053","method":"POST","path":"/v1/users/:user_id/contacts","status":400,"latency_ms":16.7314},"target":"pqmsg_server::http"}
{"timestamp":"2026-03-31T09:06:38.130219Z","level":"INFO","fields":{"event":"client_error","outcome":"reject","request_id":"ad61cc4a-1553-4ca9-a484-8b8caa63c053","user_id":"","device_id":"","detail":"method=POST path=/v1/users/:user_id/contacts status=400"},"target":"pqmsg_server::audit"}
{"timestamp":"2026-03-31T09:06:38.181670Z","level":"INFO","fields":{"request_id":"52a205db-8ab4-4d92-b501-53a84493a96a","method":"GET","path":"/v1/sealed-inbox/:user_id","status":200,"latency_ms":16.2435},"target":"pqmsg_server::http"}
{"timestamp":"2026-03-31T09:06:39.297388Z","level":"INFO","fields":{"request_id":"68d5fb3d-b603-4aad-a700-ca2ca5fe926a","method":"GET","path":"/v1/users/:user_id/bundle","status":200,"latency_ms":17.025599999999997},"target":"pqmsg_server::http"}
{"timestamp":"2026-03-31T09:06:39.305576Z","level":"INFO","fields":{"request_id":"d4861cf3-f55b-4151-a5fd-5a51f0a69204","method":"GET","path":"/v1/transparency/users/:user_id/proof","status":200,"latency_ms":4.5553},"target":"pqmsg_server::http"}
{"timestamp":"2026-03-31T09:06:39.407991Z","level":"INFO","fields":{"request_id":"34b5fdcd-8ce1-465c-8c2c-acda7f4579a5","method":"GET","path":"/v1/sealed-inbox/:user_id","status":200,"latency_ms":21.6863},"target":"pqmsg_server::http"}
{"timestamp":"2026-03-31T09:06:39.425383Z","level":"INFO","fields":{"request_id":"86288176-0b57-4ec3-b0be-de8fbed52260","method":"GET","path":"/v1/users/:user_id/sender-certificate","status":200,"latency_ms":9.8218},"target":"pqmsg_server::http"}
{"timestamp":"2026-03-31T09:06:39.446549Z","level":"INFO","fields":{"request_id":"3c5f458b-4c0a-4bca-bb72-e7236e5d8bac","method":"GET","path":"/v1/users/:user_id/profile","status":200,"latency_ms":12.969299999999999},"target":"pqmsg_server::http"}
{"timestamp":"2026-03-31T09:06:39.466032Z","level":"INFO","fields":{"event":"auth_signature_invalid","outcome":"reject","request_id":"","user_id":"sha256:bb82e42d46d88721","device_id":"sha256:db59d6939244d9d6","detail":"x-pqmsg-auth-signature verification failed"},"target":"pqmsg_server::audit"}
{"timestamp":"2026-03-31T09:06:39.466520Z","level":"INFO","fields":{"request_id":"b1468e56-fb49-4d3a-8da5-1e9dcab600ca","method":"POST","path":"/v1/users/:user_id/contacts","status":400,"latency_ms":16.0078},"target":"pqmsg_server::http"}
{"timestamp":"2026-03-31T09:06:39.466814Z","level":"INFO","fields":{"event":"client_error","outcome":"reject","request_id":"b1468e56-fb49-4d3a-8da5-1e9dcab600ca","user_id":"","device_id":"","detail":"method=POST path=/v1/users/:user_id/contacts status=400"},"target":"pqmsg_server::audit"}
{"timestamp":"2026-03-31T09:06:40.925175Z","level":"INFO","fields":{"request_id":"aeda7ff4-1138-410b-819e-3afa25f653f8","method":"GET","path":"/v1/sealed-inbox/:user_id","status":200,"latency_ms":27.1728},"target":"pqmsg_server::http"}
{"timestamp":"2026-03-31T09:06:42.063159Z","level":"INFO","fields":{"request_id":"cc3c4599-3bd4-40b1-af94-d134e1f56b31","method":"GET","path":"/v1/sealed-inbox/:user_id","status":200,"latency_ms":19.5686},"target":"pqmsg_server::http"}
{"timestamp":"2026-03-31T09:07:26.175608Z","level":"INFO","fields":{"message":"stale data reaper cleanup","dedup":0,"consumed_otk_x25519":2,"consumed_otk_mlkem":2,"expired_challenges":0,"expired_presence":0,"expired_typing":0,"expired_ws_tickets":0,"delivered_relay":0,"delivered_sealed_relay":0,"expired_receipts":0,"orphaned_message_expiry":0},"target":"pqmsg_server::handlers::ephemeral"}
{"timestamp":"2026-03-31T09:08:01.981520Z","level":"INFO","fields":{"event":"user_registered","outcome":"success","request_id":"","user_id":"sha256:9cf1b19a77d936ae","device_id":"sha256:d0f4f054d63afa47","detail":""},"target":"pqmsg_server::audit"}
{"timestamp":"2026-03-31T09:08:01.981954Z","level":"INFO","fields":{"request_id":"16172d8e-2e60-4aee-9afb-0f45d9236d90","method":"POST","path":"/v1/users/register","status":200,"latency_ms":18.0888},"target":"pqmsg_server::http"}
{"timestamp":"2026-03-31T09:08:02.061996Z","level":"INFO","fields":{"request_id":"f6a29c5f-4b0f-45d6-a1b9-9045417b454a","method":"POST","path":"/v1/users/:user_id/prekeys","status":200,"latency_ms":60.479699999999994},"target":"pqmsg_server::http"}
{"timestamp":"2026-03-31T09:08:02.081024Z","level":"INFO","fields":{"request_id":"cdaf26fe-4bef-449b-9032-f64966abc517","method":"POST","path":"/v1/users/:user_id/profile","status":200,"latency_ms":14.196},"target":"pqmsg_server::http"}
{"timestamp":"2026-03-31T09:08:02.773557Z","level":"INFO","fields":{"request_id":"cd4c0bc3-1da7-40dd-b7a0-b091bd1a40ba","method":"GET","path":"/v1/capabilities","status":200,"latency_ms":0.2939},"target":"pqmsg_server::http"}
{"timestamp":"2026-03-31T09:08:02.782213Z","level":"INFO","fields":{"request_id":"9a4405cc-6f86-4eb6-aa84-50284ef6709a","method":"GET","path":"/v1/capabilities","status":200,"latency_ms":0.25730000000000003},"target":"pqmsg_server::http"}
{"timestamp":"2026-03-31T09:08:02.791082Z","level":"INFO","fields":{"request_id":"51f99b79-9cdd-4f98-af41-3bd12f41f1af","method":"GET","path":"/v1/users/:user_id/contacts","status":200,"latency_ms":9.1217},"target":"pqmsg_server::http"}
{"timestamp":"2026-03-31T09:08:02.802629Z","level":"INFO","fields":{"request_id":"e7dcd9bb-388e-4e3b-9b85-c77b23ad34c2","method":"GET","path":"/v1/sealed-inbox/:user_id","status":200,"latency_ms":21.1515},"target":"pqmsg_server::http"}
{"timestamp":"2026-03-31T09:08:02.822665Z","level":"INFO","fields":{"request_id":"de3dcf0e-59c2-4243-aebc-afc7c3b175ef","method":"POST","path":"/v1/ws/sealed-inbox/:user_id/ticket","status":200,"latency_ms":15.1655},"target":"pqmsg_server::http"}
{"timestamp":"2026-03-31T09:08:02.832527Z","level":"INFO","fields":{"request_id":"9c6c9664-6808-4494-8066-d04cbb5f16ce","method":"GET","path":"/v1/ws/sealed-inbox/:user_id","status":101,"latency_ms":6.4266000000000005},"target":"pqmsg_server::http"}
{"timestamp":"2026-03-31T09:08:04.500763Z","level":"INFO","fields":{"request_id":"a41a7dc6-f702-4ce4-a056-d8149b6905f9","method":"POST","path":"/v1/private-groups/state/publish","status":200,"latency_ms":9.1721},"target":"pqmsg_server::http"}
{"timestamp":"2026-03-31T09:08:04.510968Z","level":"INFO","fields":{"request_id":"192c94d3-c8b3-4a50-af1f-f9b5e116079a","method":"POST","path":"/v1/private-groups/messages/fetch","status":200,"latency_ms":1.2592},"target":"pqmsg_server::http"}
{"timestamp":"2026-03-31T09:08:05.638486Z","level":"INFO","fields":{"request_id":"da8b64fd-9a4a-4a14-9915-ff7027fe4db9","method":"POST","path":"/v1/private-groups/messages/publish","status":200,"latency_ms":13.1226},"target":"pqmsg_server::http"}
{"timestamp":"2026-03-31T09:08:07.313282Z","level":"INFO","fields":{"request_id":"d4efe56b-1e69-4243-a77d-ffed0c7c9e10","method":"GET","path":"/v1/users/:user_id/prekeys/status","status":200,"latency_ms":12.6612},"target":"pqmsg_server::http"}
{"timestamp":"2026-03-31T09:08:07.936103Z","level":"INFO","fields":{"request_id":"843f1120-5ddc-4bfb-88c4-68bded6d1e3c","method":"GET","path":"/v1/users/:user_id/devices","status":200,"latency_ms":9.8017},"target":"pqmsg_server::http"}
{"timestamp":"2026-03-31T09:08:09.030228Z","level":"INFO","fields":{"request_id":"a52c274b-e04d-4ba1-b778-0a0381129dc7","method":"GET","path":"/v1/users/:user_id/prekeys/status","status":200,"latency_ms":10.377600000000001},"target":"pqmsg_server::http"}
{"timestamp":"2026-03-31T09:08:10.056297Z","level":"INFO","fields":{"request_id":"2adc5608-0ab0-486f-a57a-97190ccb16c9","method":"GET","path":"/health","status":200,"latency_ms":0.5897},"target":"pqmsg_server::http"}
{"timestamp":"2026-03-31T09:08:10.056390Z","level":"INFO","fields":{"request_id":"a9f6be00-2550-45b2-8fe8-430ecf79f6b5","method":"GET","path":"/v1/capabilities","status":200,"latency_ms":0.2228},"target":"pqmsg_server::http"}
{"timestamp":"2026-03-31T09:08:12.808078Z","level":"INFO","fields":{"request_id":"1b25fcb2-d2c6-4097-b9e1-c9495eb685a7","method":"GET","path":"/v1/sealed-inbox/:user_id","status":200,"latency_ms":19.3744},"target":"pqmsg_server::http"}
{"timestamp":"2026-03-31T09:08:14.206525Z","level":"INFO","fields":{"event":"user_registered","outcome":"success","request_id":"","user_id":"sha256:a7760db07dd04edc","device_id":"sha256:391a706b9aa904e8","detail":""},"target":"pqmsg_server::audit"}
{"timestamp":"2026-03-31T09:08:14.206934Z","level":"INFO","fields":{"request_id":"c2ef9578-9897-49ef-b419-f39900853b1c","method":"POST","path":"/v1/users/register","status":200,"latency_ms":26.4056},"target":"pqmsg_server::http"}
{"timestamp":"2026-03-31T09:08:14.280745Z","level":"INFO","fields":{"request_id":"687a3525-1d54-4099-a892-2c7d4dc800ac","method":"POST","path":"/v1/users/:user_id/prekeys","status":200,"latency_ms":56.7552},"target":"pqmsg_server::http"}
{"timestamp":"2026-03-31T09:08:14.300307Z","level":"INFO","fields":{"request_id":"30d95cf9-0ed7-4d1e-8d0d-6b08186605db","method":"POST","path":"/v1/users/:user_id/profile","status":200,"latency_ms":14.5987},"target":"pqmsg_server::http"}
{"timestamp":"2026-03-31T09:08:14.991895Z","level":"INFO","fields":{"request_id":"2b5aa676-cda3-4e11-9813-e6e22bdd3405","method":"GET","path":"/v1/capabilities","status":200,"latency_ms":0.2786},"target":"pqmsg_server::http"}
{"timestamp":"2026-03-31T09:08:15.000233Z","level":"INFO","fields":{"request_id":"cea4c4b5-b554-4611-9a8c-75718b53dad7","method":"GET","path":"/v1/capabilities","status":200,"latency_ms":0.2591},"target":"pqmsg_server::http"}
{"timestamp":"2026-03-31T09:08:15.008395Z","level":"INFO","fields":{"request_id":"a2d63069-851b-4553-98aa-4f756b7275c3","method":"GET","path":"/v1/users/:user_id/contacts","status":200,"latency_ms":8.9903},"target":"pqmsg_server::http"}
{"timestamp":"2026-03-31T09:08:15.015433Z","level":"INFO","fields":{"request_id":"09f4a8a2-deaf-4857-acde-d929516380d3","method":"GET","path":"/v1/sealed-inbox/:user_id","status":200,"latency_ms":15.405800000000001},"target":"pqmsg_server::http"}
{"timestamp":"2026-03-31T09:08:15.038377Z","level":"INFO","fields":{"request_id":"43a086d5-2b0d-48fa-96ca-4915c25e318b","method":"POST","path":"/v1/ws/sealed-inbox/:user_id/ticket","status":200,"latency_ms":14.9966},"target":"pqmsg_server::http"}
{"timestamp":"2026-03-31T09:08:15.048282Z","level":"INFO","fields":{"request_id":"1b0f5a3a-dc7a-4daf-a83e-b43fba91a9e7","method":"GET","path":"/v1/ws/sealed-inbox/:user_id","status":101,"latency_ms":7.0291},"target":"pqmsg_server::http"}
{"timestamp":"2026-03-31T09:08:15.551746Z","level":"INFO","fields":{"request_id":"bc27b09a-12d4-43e9-8bdf-f39be83eac14","method":"GET","path":"/v1/users/:user_id/contacts","status":200,"latency_ms":10.855},"target":"pqmsg_server::http"}
{"timestamp":"2026-03-31T09:08:17.160059Z","level":"INFO","fields":{"request_id":"4a4c9938-78bd-4367-9978-eff356b7b199","method":"GET","path":"/v1/users/:user_id/profile","status":200,"latency_ms":17.799599999999998},"target":"pqmsg_server::http"}
{"timestamp":"2026-03-31T09:08:17.186964Z","level":"INFO","fields":{"event":"auth_signature_invalid","outcome":"reject","request_id":"","user_id":"sha256:9cf1b19a77d936ae","device_id":"sha256:d0f4f054d63afa47","detail":"x-pqmsg-auth-signature verification failed"},"target":"pqmsg_server::audit"}
{"timestamp":"2026-03-31T09:08:17.187451Z","level":"INFO","fields":{"request_id":"1e5912c1-9da4-4a00-a049-1c06bc5f7657","method":"POST","path":"/v1/users/:user_id/contacts","status":400,"latency_ms":18.0951},"target":"pqmsg_server::http"}
{"timestamp":"2026-03-31T09:08:17.187749Z","level":"INFO","fields":{"event":"client_error","outcome":"reject","request_id":"1e5912c1-9da4-4a00-a049-1c06bc5f7657","user_id":"","device_id":"","detail":"method=POST path=/v1/users/:user_id/contacts status=400"},"target":"pqmsg_server::audit"}
{"timestamp":"2026-03-31T09:08:17.217865Z","level":"INFO","fields":{"request_id":"4641e6a5-1d75-45b7-9c5a-e57665f2c1f5","method":"GET","path":"/v1/sealed-inbox/:user_id","status":200,"latency_ms":15.5355},"target":"pqmsg_server::http"}
{"timestamp":"2026-03-31T09:08:18.005275Z","level":"INFO","fields":{"request_id":"cee91c8c-86ba-4722-99e2-71df7f217397","method":"GET","path":"/v1/users/:user_id/bundle","status":200,"latency_ms":15.1563},"target":"pqmsg_server::http"}
{"timestamp":"2026-03-31T09:08:18.013304Z","level":"INFO","fields":{"request_id":"daed7ed8-11ac-4371-877b-a13e55b07858","method":"GET","path":"/v1/transparency/users/:user_id/proof","status":200,"latency_ms":4.427099999999999},"target":"pqmsg_server::http"}
{"timestamp":"2026-03-31T09:08:18.130190Z","level":"INFO","fields":{"request_id":"5f6260be-ef90-4b6e-b3cf-7fe49d5075be","method":"GET","path":"/v1/users/:user_id/sender-certificate","status":200,"latency_ms":9.990300000000001},"target":"pqmsg_server::http"}
{"timestamp":"2026-03-31T09:08:18.149218Z","level":"INFO","fields":{"request_id":"9cd4e535-8017-4798-b8a5-b948a04edf19","method":"GET","path":"/v1/users/:user_id/profile","status":200,"latency_ms":10.879700000000001},"target":"pqmsg_server::http"}
{"timestamp":"2026-03-31T09:08:18.168359Z","level":"INFO","fields":{"event":"auth_signature_invalid","outcome":"reject","request_id":"","user_id":"sha256:9cf1b19a77d936ae","device_id":"sha256:d0f4f054d63afa47","detail":"x-pqmsg-auth-signature verification failed"},"target":"pqmsg_server::audit"}
{"timestamp":"2026-03-31T09:08:18.168855Z","level":"INFO","fields":{"request_id":"7df9d8f0-e504-4671-bab1-573b0dd6a00c","method":"POST","path":"/v1/users/:user_id/contacts","status":400,"latency_ms":15.8137},"target":"pqmsg_server::http"}
{"timestamp":"2026-03-31T09:08:18.169244Z","level":"INFO","fields":{"event":"client_error","outcome":"reject","request_id":"7df9d8f0-e504-4671-bab1-573b0dd6a00c","user_id":"","device_id":"","detail":"method=POST path=/v1/users/:user_id/contacts status=400"},"target":"pqmsg_server::audit"}
{"timestamp":"2026-03-31T09:08:19.503561Z","level":"INFO","fields":{"request_id":"45b530a0-5063-4ba2-87a0-36cada726abd","method":"GET","path":"/v1/users/:user_id/contacts","status":200,"latency_ms":9.6625},"target":"pqmsg_server::http"}
{"timestamp":"2026-03-31T09:08:21.111987Z","level":"INFO","fields":{"request_id":"11e4e715-ca0c-411f-a768-15a026ee813f","method":"GET","path":"/v1/users/:user_id/profile","status":200,"latency_ms":11.415099999999999},"target":"pqmsg_server::http"}
{"timestamp":"2026-03-31T09:08:21.134182Z","level":"INFO","fields":{"event":"auth_signature_invalid","outcome":"reject","request_id":"","user_id":"sha256:a7760db07dd04edc","device_id":"sha256:391a706b9aa904e8","detail":"x-pqmsg-auth-signature verification failed"},"target":"pqmsg_server::audit"}
{"timestamp":"2026-03-31T09:08:21.134919Z","level":"INFO","fields":{"request_id":"7fd54645-6079-4638-a607-ac2de4295325","method":"POST","path":"/v1/users/:user_id/contacts","status":400,"latency_ms":17.8454},"target":"pqmsg_server::http"}
{"timestamp":"2026-03-31T09:08:21.135319Z","level":"INFO","fields":{"event":"client_error","outcome":"reject","request_id":"7fd54645-6079-4638-a607-ac2de4295325","user_id":"","device_id":"","detail":"method=POST path=/v1/users/:user_id/contacts status=400"},"target":"pqmsg_server::audit"}
{"timestamp":"2026-03-31T09:08:21.189231Z","level":"INFO","fields":{"request_id":"4d057330-554e-4e3d-9c2a-ec671ead899b","method":"GET","path":"/v1/sealed-inbox/:user_id","status":200,"latency_ms":16.287},"target":"pqmsg_server::http"}
{"timestamp":"2026-03-31T09:08:22.300061Z","level":"INFO","fields":{"request_id":"72a599c6-e971-4644-9dd5-042a08597bf8","method":"GET","path":"/v1/users/:user_id/bundle","status":200,"latency_ms":15.6816},"target":"pqmsg_server::http"}
{"timestamp":"2026-03-31T09:08:22.309971Z","level":"INFO","fields":{"request_id":"88598a85-c2e7-4047-a0c3-a814c1a0fba0","method":"GET","path":"/v1/transparency/users/:user_id/proof","status":200,"latency_ms":5.1545000000000005},"target":"pqmsg_server::http"}
{"timestamp":"2026-03-31T09:08:22.441830Z","level":"INFO","fields":{"request_id":"036fa197-aa77-41c8-9aa8-a2b1a6ad3663","method":"GET","path":"/v1/users/:user_id/sender-certificate","status":200,"latency_ms":12.870700000000001},"target":"pqmsg_server::http"}
{"timestamp":"2026-03-31T09:08:22.459906Z","level":"INFO","fields":{"request_id":"75257426-ec29-4fb1-9b7b-7d6a884de156","method":"GET","path":"/v1/users/:user_id/profile","status":200,"latency_ms":9.7678},"target":"pqmsg_server::http"}
{"timestamp":"2026-03-31T09:08:22.480169Z","level":"INFO","fields":{"event":"auth_signature_invalid","outcome":"reject","request_id":"","user_id":"sha256:a7760db07dd04edc","device_id":"sha256:391a706b9aa904e8","detail":"x-pqmsg-auth-signature verification failed"},"target":"pqmsg_server::audit"}
{"timestamp":"2026-03-31T09:08:22.480591Z","level":"INFO","fields":{"request_id":"ce753af0-0f15-4790-9f9f-78be2088d739","method":"POST","path":"/v1/users/:user_id/contacts","status":400,"latency_ms":16.9301},"target":"pqmsg_server::http"}
{"timestamp":"2026-03-31T09:08:22.480976Z","level":"INFO","fields":{"event":"client_error","outcome":"reject","request_id":"ce753af0-0f15-4790-9f9f-78be2088d739","user_id":"","device_id":"","detail":"method=POST path=/v1/users/:user_id/contacts status=400"},"target":"pqmsg_server::audit"}
{"timestamp":"2026-03-31T09:08:22.804884Z","level":"INFO","fields":{"request_id":"1fef9853-e196-4a61-b861-41c2f0454337","method":"GET","path":"/v1/sealed-inbox/:user_id","status":200,"latency_ms":13.9734},"target":"pqmsg_server::http"}
{"timestamp":"2026-03-31T09:08:23.908977Z","level":"INFO","fields":{"request_id":"26c182b7-a9bc-4947-ae36-bd97f3aa3b41","method":"GET","path":"/v1/sealed-inbox/:user_id","status":200,"latency_ms":22.2016},"target":"pqmsg_server::http"}
{"timestamp":"2026-03-31T09:08:25.018324Z","level":"INFO","fields":{"request_id":"90f486f0-a222-4962-a22e-3c534b251ffa","method":"GET","path":"/v1/sealed-inbox/:user_id","status":200,"latency_ms":20.4256},"target":"pqmsg_server::http"}
{"timestamp":"2026-03-31T09:08:26.168581Z","level":"INFO","fields":{"message":"stale data reaper cleanup","dedup":0,"consumed_otk_x25519":2,"consumed_otk_mlkem":2,"expired_challenges":0,"expired_presence":0,"expired_typing":0,"expired_ws_tickets":0,"delivered_relay":0,"delivered_sealed_relay":0,"expired_receipts":0,"orphaned_message_expiry":0},"target":"pqmsg_server::handlers::ephemeral"}
{"timestamp":"2026-03-31T14:27:09.814060Z","level":"INFO","fields":{"request_id":"60f8cf35-76ff-4030-aa3d-140b7606f370","method":"GET","path":"/v1/capabilities","status":200,"latency_ms":0.7774},"target":"pqmsg_server::http"}
{"timestamp":"2026-03-31T14:28:33.340563Z","level":"INFO","fields":{"event":"user_registered","outcome":"success","request_id":"","user_id":"sha256:865a6ae70964e871","device_id":"sha256:58bf773213a4cea2","detail":""},"target":"pqmsg_server::audit"}
{"timestamp":"2026-03-31T14:28:33.340947Z","level":"INFO","fields":{"request_id":"8ba0af56-5e77-4c1e-ae80-fdb380a4f414","method":"POST","path":"/v1/users/register","status":200,"latency_ms":27.6034},"target":"pqmsg_server::http"}
{"timestamp":"2026-03-31T14:28:33.418432Z","level":"INFO","fields":{"request_id":"0b089614-88b1-4d6a-89d3-63ee434c7c1b","method":"POST","path":"/v1/users/:user_id/prekeys","status":200,"latency_ms":58.2831},"target":"pqmsg_server::http"}
{"timestamp":"2026-03-31T14:28:33.437763Z","level":"INFO","fields":{"request_id":"9a20c31a-b22f-4350-878b-28fc2afeab14","method":"POST","path":"/v1/users/:user_id/profile","status":200,"latency_ms":13.981499999999999},"target":"pqmsg_server::http"}
{"timestamp":"2026-03-31T14:28:34.132102Z","level":"INFO","fields":{"request_id":"1378a5aa-68a4-4dbb-8187-05eff9f814ac","method":"GET","path":"/v1/capabilities","status":200,"latency_ms":0.3063},"target":"pqmsg_server::http"}
{"timestamp":"2026-03-31T14:28:34.134441Z","level":"INFO","fields":{"request_id":"a99bf4a7-f4df-4215-adfc-d8773482dae4","method":"GET","path":"/v1/capabilities","status":200,"latency_ms":0.32949999999999996},"target":"pqmsg_server::http"}
{"timestamp":"2026-03-31T14:28:34.146691Z","level":"INFO","fields":{"request_id":"47f9321f-5781-4988-8a71-664bf4f58ed3","method":"GET","path":"/v1/users/:user_id/contacts","status":200,"latency_ms":9.8633},"target":"pqmsg_server::http"}
{"timestamp":"2026-03-31T14:28:34.156565Z","level":"INFO","fields":{"request_id":"263a30be-41a9-4b3a-b1a4-46298ddee3f1","method":"GET","path":"/v1/sealed-inbox/:user_id","status":200,"latency_ms":17.993499999999997},"target":"pqmsg_server::http"}
{"timestamp":"2026-03-31T14:28:34.187171Z","level":"INFO","fields":{"request_id":"2dc9606d-2b46-48a3-a571-51a173f1be06","method":"POST","path":"/v1/ws/sealed-inbox/:user_id/ticket","status":200,"latency_ms":18.328400000000002},"target":"pqmsg_server::http"}
{"timestamp":"2026-03-31T14:28:34.202625Z","level":"INFO","fields":{"request_id":"2f296fd7-e972-4997-9ee7-880835e61553","method":"GET","path":"/v1/ws/sealed-inbox/:user_id","status":101,"latency_ms":7.6616},"target":"pqmsg_server::http"}
{"timestamp":"2026-03-31T14:28:36.013187Z","level":"INFO","fields":{"event":"user_registered","outcome":"success","request_id":"","user_id":"sha256:dd7995e9e0d9dfbc","device_id":"sha256:eab7f526c57b1f79","detail":""},"target":"pqmsg_server::audit"}
{"timestamp":"2026-03-31T14:28:36.013620Z","level":"INFO","fields":{"request_id":"b5d15723-c44e-488e-be99-4da3afb1246d","method":"POST","path":"/v1/users/register","status":200,"latency_ms":23.624},"target":"pqmsg_server::http"}
{"timestamp":"2026-03-31T14:28:36.083876Z","level":"INFO","fields":{"request_id":"7b5d441d-12b2-482d-a7ca-d79eff8c4f34","method":"POST","path":"/v1/users/:user_id/prekeys","status":200,"latency_ms":52.6065},"target":"pqmsg_server::http"}
{"timestamp":"2026-03-31T14:28:36.103367Z","level":"INFO","fields":{"request_id":"a3241a05-cfad-4897-84fe-9c3d8a0c1216","method":"POST","path":"/v1/users/:user_id/profile","status":200,"latency_ms":14.8097},"target":"pqmsg_server::http"}
{"timestamp":"2026-03-31T14:28:36.805303Z","level":"INFO","fields":{"request_id":"c4be3f0a-a382-4533-a739-5866991b5158","method":"GET","path":"/v1/capabilities","status":200,"latency_ms":0.3099},"target":"pqmsg_server::http"}
{"timestamp":"2026-03-31T14:28:36.813157Z","level":"INFO","fields":{"request_id":"88aba00f-27cd-4d87-b6bd-f9d7da219f7b","method":"GET","path":"/v1/capabilities","status":200,"latency_ms":0.3125},"target":"pqmsg_server::http"}
{"timestamp":"2026-03-31T14:28:36.823483Z","level":"INFO","fields":{"request_id":"c9f46781-8fa2-4468-8d31-a633afe3875e","method":"GET","path":"/v1/users/:user_id/contacts","status":200,"latency_ms":9.3054},"target":"pqmsg_server::http"}
{"timestamp":"2026-03-31T14:28:36.830381Z","level":"INFO","fields":{"request_id":"93615d4a-e0d7-42f7-866a-935a6b0ca068","method":"GET","path":"/v1/sealed-inbox/:user_id","status":200,"latency_ms":16.2419},"target":"pqmsg_server::http"}
{"timestamp":"2026-03-31T14:28:36.854974Z","level":"INFO","fields":{"request_id":"e321162b-de78-48a1-8c11-208757687152","method":"POST","path":"/v1/ws/sealed-inbox/:user_id/ticket","status":200,"latency_ms":18.159299999999998},"target":"pqmsg_server::http"}
{"timestamp":"2026-03-31T14:28:36.866156Z","level":"INFO","fields":{"request_id":"501c35ac-bffc-4e17-9665-0fc2e65587b1","method":"GET","path":"/v1/ws/sealed-inbox/:user_id","status":101,"latency_ms":8.107899999999999},"target":"pqmsg_server::http"}
{"timestamp":"2026-03-31T14:28:37.514682Z","level":"INFO","fields":{"request_id":"c8b6c94a-1797-4262-bccb-5d7d97151ae3","method":"GET","path":"/v1/users/:user_id/profile","status":200,"latency_ms":11.493500000000001},"target":"pqmsg_server::http"}
{"timestamp":"2026-03-31T14:28:37.539178Z","level":"INFO","fields":{"event":"auth_signature_invalid","outcome":"reject","request_id":"","user_id":"sha256:865a6ae70964e871","device_id":"sha256:58bf773213a4cea2","detail":"x-pqmsg-auth-signature verification failed"},"target":"pqmsg_server::audit"}
{"timestamp":"2026-03-31T14:28:37.539835Z","level":"INFO","fields":{"request_id":"0f7fccaf-d06f-431c-8949-b06e3509fb27","method":"POST","path":"/v1/users/:user_id/contacts","status":400,"latency_ms":15.9929},"target":"pqmsg_server::http"}
{"timestamp":"2026-03-31T14:28:37.540174Z","level":"INFO","fields":{"event":"client_error","outcome":"reject","request_id":"0f7fccaf-d06f-431c-8949-b06e3509fb27","user_id":"","device_id":"","detail":"method=POST path=/v1/users/:user_id/contacts status=400"},"target":"pqmsg_server::audit"}
{"timestamp":"2026-03-31T14:28:37.596781Z","level":"INFO","fields":{"request_id":"906b5c65-81b1-46ce-afc1-0dad57c96ca6","method":"GET","path":"/v1/sealed-inbox/:user_id","status":200,"latency_ms":16.982400000000002},"target":"pqmsg_server::http"}
{"timestamp":"2026-03-31T14:28:38.211099Z","level":"INFO","fields":{"request_id":"63888385-0f28-4995-a071-276bf6dca47d","method":"GET","path":"/v1/users/:user_id/bundle","status":200,"latency_ms":16.8752},"target":"pqmsg_server::http"}
{"timestamp":"2026-03-31T14:28:38.219778Z","level":"INFO","fields":{"request_id":"e20402c9-c580-468b-83af-d3a17fda1655","method":"GET","path":"/v1/transparency/users/:user_id/proof","status":200,"latency_ms":5.0822},"target":"pqmsg_server::http"}
{"timestamp":"2026-03-31T14:28:38.336085Z","level":"INFO","fields":{"request_id":"9ec989eb-819f-473c-8a1d-b1ad18a30e7c","method":"GET","path":"/v1/users/:user_id/sender-certificate","status":200,"latency_ms":9.6279},"target":"pqmsg_server::http"}
{"timestamp":"2026-03-31T14:28:38.359219Z","level":"INFO","fields":{"request_id":"c4e6ce25-b94d-4902-a696-bcd2b09a7ba9","method":"GET","path":"/v1/users/:user_id/profile","status":200,"latency_ms":10.1338},"target":"pqmsg_server::http"}
{"timestamp":"2026-03-31T14:28:38.377873Z","level":"INFO","fields":{"event":"auth_signature_invalid","outcome":"reject","request_id":"","user_id":"sha256:865a6ae70964e871","device_id":"sha256:58bf773213a4cea2","detail":"x-pqmsg-auth-signature verification failed"},"target":"pqmsg_server::audit"}
{"timestamp":"2026-03-31T14:28:38.378295Z","level":"INFO","fields":{"request_id":"37f2f634-9793-4a38-ae35-76bed5c52130","method":"POST","path":"/v1/users/:user_id/contacts","status":400,"latency_ms":15.4521},"target":"pqmsg_server::http"}
{"timestamp":"2026-03-31T14:28:38.378617Z","level":"INFO","fields":{"event":"client_error","outcome":"reject","request_id":"37f2f634-9793-4a38-ae35-76bed5c52130","user_id":"","device_id":"","detail":"method=POST path=/v1/users/:user_id/contacts status=400"},"target":"pqmsg_server::audit"}
{"timestamp":"2026-03-31T14:28:42.077216Z","level":"INFO","fields":{"request_id":"f043bdd8-085d-43e7-95dd-5c5294a0e68a","method":"GET","path":"/v1/users/:user_id/profile","status":200,"latency_ms":11.3938},"target":"pqmsg_server::http"}
{"timestamp":"2026-03-31T14:28:42.103198Z","level":"INFO","fields":{"event":"auth_signature_invalid","outcome":"reject","request_id":"","user_id":"sha256:dd7995e9e0d9dfbc","device_id":"sha256:eab7f526c57b1f79","detail":"x-pqmsg-auth-signature verification failed"},"target":"pqmsg_server::audit"}
{"timestamp":"2026-03-31T14:28:42.103757Z","level":"INFO","fields":{"request_id":"e0e19c56-1e51-4820-ae4f-36334625ad1f","method":"POST","path":"/v1/users/:user_id/contacts","status":400,"latency_ms":16.1094},"target":"pqmsg_server::http"}
{"timestamp":"2026-03-31T14:28:42.104083Z","level":"INFO","fields":{"event":"client_error","outcome":"reject","request_id":"e0e19c56-1e51-4820-ae4f-36334625ad1f","user_id":"","device_id":"","detail":"method=POST path=/v1/users/:user_id/contacts status=400"},"target":"pqmsg_server::audit"}
{"timestamp":"2026-03-31T14:28:42.159538Z","level":"INFO","fields":{"request_id":"cbbed94b-3b3f-42a0-84cd-349a527811bc","method":"GET","path":"/v1/sealed-inbox/:user_id","status":200,"latency_ms":15.1971},"target":"pqmsg_server::http"}
{"timestamp":"2026-03-31T14:28:42.757251Z","level":"INFO","fields":{"request_id":"101126dd-70f9-4ca1-8fe1-41b207136904","method":"GET","path":"/v1/users/:user_id/bundle","status":200,"latency_ms":16.6612},"target":"pqmsg_server::http"}
{"timestamp":"2026-03-31T14:28:42.765678Z","level":"INFO","fields":{"request_id":"fbff4746-84af-45e6-82e2-4fce4dda063a","method":"GET","path":"/v1/transparency/users/:user_id/proof","status":200,"latency_ms":5.0519},"target":"pqmsg_server::http"}
{"timestamp":"2026-03-31T14:28:42.882564Z","level":"INFO","fields":{"request_id":"a5806f57-cc57-4cb3-a81e-2b08979c5ac9","method":"GET","path":"/v1/users/:user_id/sender-certificate","status":200,"latency_ms":9.3401},"target":"pqmsg_server::http"}
{"timestamp":"2026-03-31T14:28:42.906053Z","level":"INFO","fields":{"request_id":"2a372ac2-a9c4-49fd-ae83-b64cc4ad4a27","method":"GET","path":"/v1/users/:user_id/profile","status":200,"latency_ms":10.2751},"target":"pqmsg_server::http"}
{"timestamp":"2026-03-31T14:28:42.924535Z","level":"INFO","fields":{"event":"auth_signature_invalid","outcome":"reject","request_id":"","user_id":"sha256:dd7995e9e0d9dfbc","device_id":"sha256:eab7f526c57b1f79","detail":"x-pqmsg-auth-signature verification failed"},"target":"pqmsg_server::audit"}
{"timestamp":"2026-03-31T14:28:42.925063Z","level":"INFO","fields":{"request_id":"dbb1580c-1dee-4a91-9e72-c311ade831be","method":"POST","path":"/v1/users/:user_id/contacts","status":400,"latency_ms":15.432},"target":"pqmsg_server::http"}
{"timestamp":"2026-03-31T14:28:42.925463Z","level":"INFO","fields":{"event":"client_error","outcome":"reject","request_id":"dbb1580c-1dee-4a91-9e72-c311ade831be","user_id":"","device_id":"","detail":"method=POST path=/v1/users/:user_id/contacts status=400"},"target":"pqmsg_server::audit"}
{"timestamp":"2026-03-31T14:28:44.160765Z","level":"INFO","fields":{"request_id":"0fc3b3c1-856d-4848-aa45-15f8e9876556","method":"GET","path":"/v1/sealed-inbox/:user_id","status":200,"latency_ms":14.7449},"target":"pqmsg_server::http"}
{"timestamp":"2026-03-31T14:28:46.840994Z","level":"INFO","fields":{"request_id":"85c1f031-80d3-4366-9413-40654a6f26e8","method":"GET","path":"/v1/sealed-inbox/:user_id","status":200,"latency_ms":21.1754},"target":"pqmsg_server::http"}
{"timestamp":"2026-03-31T14:29:26.169443Z","level":"INFO","fields":{"message":"stale data reaper cleanup","dedup":0,"consumed_otk_x25519":2,"consumed_otk_mlkem":2,"expired_challenges":0,"expired_presence":0,"expired_typing":0,"expired_ws_tickets":0,"delivered_relay":0,"delivered_sealed_relay":0,"expired_receipts":0,"orphaned_message_expiry":0},"target":"pqmsg_server::handlers::ephemeral"}
{"timestamp":"2026-03-31T14:31:16.303485Z","level":"INFO","fields":{"event":"user_registered","outcome":"success","request_id":"","user_id":"sha256:e70b672401076f52","device_id":"sha256:4ce37408af24df6f","detail":""},"target":"pqmsg_server::audit"}
{"timestamp":"2026-03-31T14:31:16.303841Z","level":"INFO","fields":{"request_id":"75fc180a-74d8-489f-8caf-27bf7e04dffd","method":"POST","path":"/v1/users/register","status":200,"latency_ms":26.3063},"target":"pqmsg_server::http"}
{"timestamp":"2026-03-31T14:31:16.382086Z","level":"INFO","fields":{"request_id":"10892238-0238-4635-bbc0-71aed74cddfd","method":"POST","path":"/v1/users/:user_id/prekeys","status":200,"latency_ms":60.371},"target":"pqmsg_server::http"}
{"timestamp":"2026-03-31T14:31:16.401606Z","level":"INFO","fields":{"request_id":"0dd435a0-60ee-443f-a56f-791b59629bc2","method":"POST","path":"/v1/users/:user_id/profile","status":200,"latency_ms":15.0269},"target":"pqmsg_server::http"}
{"timestamp":"2026-03-31T14:31:17.100405Z","level":"INFO","fields":{"request_id":"fcf2e514-939a-4d3d-8b51-932ed97bd462","method":"GET","path":"/v1/capabilities","status":200,"latency_ms":0.30269999999999997},"target":"pqmsg_server::http"}
{"timestamp":"2026-03-31T14:31:17.106401Z","level":"INFO","fields":{"request_id":"62781d20-2868-4509-812e-cd7cdd87d396","method":"GET","path":"/v1/capabilities","status":200,"latency_ms":0.31},"target":"pqmsg_server::http"}
{"timestamp":"2026-03-31T14:31:17.117883Z","level":"INFO","fields":{"request_id":"9e2e1b98-f7b8-42d9-b9cf-234e7ee7c837","method":"GET","path":"/v1/users/:user_id/contacts","status":200,"latency_ms":9.9679},"target":"pqmsg_server::http"}
{"timestamp":"2026-03-31T14:31:17.129229Z","level":"INFO","fields":{"request_id":"fc537013-3c49-48a6-a154-a84ead731496","method":"GET","path":"/v1/sealed-inbox/:user_id","status":200,"latency_ms":21.4152},"target":"pqmsg_server::http"}
{"timestamp":"2026-03-31T14:31:17.153829Z","level":"INFO","fields":{"request_id":"c6297c4c-2e7a-410c-9ea2-bbee4350a0af","method":"POST","path":"/v1/ws/sealed-inbox/:user_id/ticket","status":200,"latency_ms":18.2708},"target":"pqmsg_server::http"}
{"timestamp":"2026-03-31T14:31:17.165220Z","level":"INFO","fields":{"request_id":"08e9df47-52df-44af-9b99-74e1fcee7ccf","method":"GET","path":"/v1/ws/sealed-inbox/:user_id","status":101,"latency_ms":7.7853},"target":"pqmsg_server::http"}
{"timestamp":"2026-03-31T14:31:18.969906Z","level":"INFO","fields":{"event":"user_registered","outcome":"success","request_id":"","user_id":"sha256:18613552165c61d2","device_id":"sha256:5693e78498aba5e6","detail":""},"target":"pqmsg_server::audit"}
{"timestamp":"2026-03-31T14:31:18.970281Z","level":"INFO","fields":{"request_id":"e8157752-b023-427e-a635-6ba7fb995c41","method":"POST","path":"/v1/users/register","status":200,"latency_ms":23.0871},"target":"pqmsg_server::http"}
{"timestamp":"2026-03-31T14:31:19.039667Z","level":"INFO","fields":{"request_id":"7d07a117-6103-4952-bc1e-2c334c8b09e4","method":"POST","path":"/v1/users/:user_id/prekeys","status":200,"latency_ms":51.2338},"target":"pqmsg_server::http"}
{"timestamp":"2026-03-31T14:31:19.059113Z","level":"INFO","fields":{"request_id":"6b8bed5d-c43b-49b2-b3cf-0dafd5206685","method":"POST","path":"/v1/users/:user_id/profile","status":200,"latency_ms":14.4046},"target":"pqmsg_server::http"}
{"timestamp":"2026-03-31T14:31:19.757788Z","level":"INFO","fields":{"request_id":"adbee72f-62d5-4609-a7a0-cfa29858840c","method":"GET","path":"/v1/capabilities","status":200,"latency_ms":0.30029999999999996},"target":"pqmsg_server::http"}
{"timestamp":"2026-03-31T14:31:19.765601Z","level":"INFO","fields":{"request_id":"84f4ab62-5580-4a33-a8db-a5a5a7a29dee","method":"GET","path":"/v1/capabilities","status":200,"latency_ms":0.2836},"target":"pqmsg_server::http"}
{"timestamp":"2026-03-31T14:31:19.783075Z","level":"INFO","fields":{"request_id":"53eb5904-932d-4192-8ce9-3d6d98ad2bdd","method":"GET","path":"/v1/sealed-inbox/:user_id","status":200,"latency_ms":16.409},"target":"pqmsg_server::http"}
{"timestamp":"2026-03-31T14:31:19.785669Z","level":"INFO","fields":{"request_id":"4154a123-6269-4354-bd9c-716772d472b8","method":"GET","path":"/v1/users/:user_id/contacts","status":200,"latency_ms":19.005000000000003},"target":"pqmsg_server::http"}
{"timestamp":"2026-03-31T14:31:19.804579Z","level":"INFO","fields":{"request_id":"07be3a84-912e-4e31-b274-5ef0d4893cc3","method":"POST","path":"/v1/ws/sealed-inbox/:user_id/ticket","status":200,"latency_ms":17.1978},"target":"pqmsg_server::http"}
{"timestamp":"2026-03-31T14:31:19.814204Z","level":"INFO","fields":{"request_id":"1493fce4-63d3-4e08-bf1e-b1cf482a8e17","method":"GET","path":"/v1/ws/sealed-inbox/:user_id","status":101,"latency_ms":6.8057},"target":"pqmsg_server::http"}
{"timestamp":"2026-03-31T14:31:20.459979Z","level":"INFO","fields":{"request_id":"fd0a7550-2115-47df-b799-ac8a2d55b19f","method":"GET","path":"/v1/users/:user_id/profile","status":200,"latency_ms":10.8767},"target":"pqmsg_server::http"}
{"timestamp":"2026-03-31T14:31:20.484689Z","level":"INFO","fields":{"request_id":"cef5c001-7c05-45c9-9f7c-fd07167ca961","method":"POST","path":"/v1/users/:user_id/contacts","status":200,"latency_ms":15.5972},"target":"pqmsg_server::http"}
{"timestamp":"2026-03-31T14:31:20.499331Z","level":"INFO","fields":{"request_id":"57f0d957-9a5e-4482-8344-0bb7427f6da2","method":"GET","path":"/v1/users/:user_id/contacts","status":200,"latency_ms":9.818999999999999},"target":"pqmsg_server::http"}
{"timestamp":"2026-03-31T14:31:20.500960Z","level":"INFO","fields":{"request_id":"c3c33616-2a34-447e-84d5-aaccf87e380f","method":"GET","path":"/v1/users/:user_id/profile","status":200,"latency_ms":10.336599999999999},"target":"pqmsg_server::http"}
{"timestamp":"2026-03-31T14:31:20.542038Z","level":"INFO","fields":{"request_id":"c2f61f7c-4feb-4480-b759-7d56c6a241e3","method":"GET","path":"/v1/sealed-inbox/:user_id","status":200,"latency_ms":15.983899999999998},"target":"pqmsg_server::http"}
{"timestamp":"2026-03-31T14:31:21.129104Z","level":"INFO","fields":{"request_id":"9cf91a66-1803-40c7-a413-833ab6ffa698","method":"GET","path":"/v1/users/:user_id/bundle","status":200,"latency_ms":15.0667},"target":"pqmsg_server::http"}
{"timestamp":"2026-03-31T14:31:21.137387Z","level":"INFO","fields":{"request_id":"fb7445d6-c929-44cb-aaf4-9627e988f9d3","method":"GET","path":"/v1/transparency/users/:user_id/proof","status":200,"latency_ms":5.1692},"target":"pqmsg_server::http"}
{"timestamp":"2026-03-31T14:31:21.259026Z","level":"INFO","fields":{"request_id":"83a7f082-2229-482b-8ea0-90612e0eda34","method":"GET","path":"/v1/users/:user_id/sender-certificate","status":200,"latency_ms":10.8136},"target":"pqmsg_server::http"}
{"timestamp":"2026-03-31T14:31:21.284122Z","level":"INFO","fields":{"request_id":"ce7358f7-3921-43be-8fd1-0bb1bef07383","method":"POST","path":"/v1/sealed-relay/:recipient_user_id","status":200,"latency_ms":16.9951},"target":"pqmsg_server::http"}
{"timestamp":"2026-03-31T14:31:24.997329Z","level":"INFO","fields":{"request_id":"8f3f606f-8db0-40eb-9ebd-91641fa95a53","method":"GET","path":"/v1/users/:user_id/profile","status":200,"latency_ms":12.2204},"target":"pqmsg_server::http"}
{"timestamp":"2026-03-31T14:31:25.021246Z","level":"INFO","fields":{"request_id":"0fb9fe78-9860-4ede-bb8e-0a7e0597732e","method":"POST","path":"/v1/users/:user_id/contacts","status":200,"latency_ms":14.7318},"target":"pqmsg_server::http"}
{"timestamp":"2026-03-31T14:31:25.034436Z","level":"INFO","fields":{"request_id":"4aca73ea-05f5-494e-abf3-37320ac73f76","method":"GET","path":"/v1/users/:user_id/contacts","status":200,"latency_ms":9.282300000000001},"target":"pqmsg_server::http"}
{"timestamp":"2026-03-31T14:31:25.036717Z","level":"INFO","fields":{"request_id":"daaaf99b-412c-4f67-ac0c-b8b4511995ca","method":"GET","path":"/v1/users/:user_id/profile","status":200,"latency_ms":10.5709},"target":"pqmsg_server::http"}
{"timestamp":"2026-03-31T14:31:25.073750Z","level":"INFO","fields":{"request_id":"1d2cbd96-1981-4377-aa8d-809e005501db","method":"GET","path":"/v1/sealed-inbox/:user_id","status":409,"latency_ms":9.6167},"target":"pqmsg_server::http"}
{"timestamp":"2026-03-31T14:31:25.074266Z","level":"INFO","fields":{"event":"conflict_rejected","outcome":"reject","request_id":"1d2cbd96-1981-4377-aa8d-809e005501db","user_id":"","device_id":"","detail":"method=GET path=/v1/sealed-inbox/:user_id status=409"},"target":"pqmsg_server::audit"}
{"timestamp":"2026-03-31T14:31:25.688800Z","level":"INFO","fields":{"request_id":"d0146c4a-3d9b-4734-a0b8-11b823d836b6","method":"GET","path":"/v1/users/:user_id/bundle","status":200,"latency_ms":14.541},"target":"pqmsg_server::http"}
{"timestamp":"2026-03-31T14:31:25.697118Z","level":"INFO","fields":{"request_id":"b5f9b0c6-e694-4e62-9954-ade2c6683833","method":"GET","path":"/v1/transparency/users/:user_id/proof","status":200,"latency_ms":4.9464},"target":"pqmsg_server::http"}
{"timestamp":"2026-03-31T14:31:25.811879Z","level":"INFO","fields":{"request_id":"ffd4ae34-674b-41c4-8705-c1b56f1b1eca","method":"GET","path":"/v1/users/:user_id/sender-certificate","status":200,"latency_ms":9.3653},"target":"pqmsg_server::http"}
{"timestamp":"2026-03-31T14:31:25.838317Z","level":"INFO","fields":{"request_id":"ffb2c3d3-331d-4fa3-bb0a-a5037e1ed3be","method":"POST","path":"/v1/sealed-relay/:recipient_user_id","status":200,"latency_ms":13.1457},"target":"pqmsg_server::http"}
{"timestamp":"2026-03-31T14:31:26.167758Z","level":"INFO","fields":{"message":"stale data reaper cleanup","dedup":0,"consumed_otk_x25519":2,"consumed_otk_mlkem":2,"expired_challenges":0,"expired_presence":0,"expired_typing":0,"expired_ws_tickets":0,"delivered_relay":0,"delivered_sealed_relay":0,"expired_receipts":0,"orphaned_message_expiry":0},"target":"pqmsg_server::handlers::ephemeral"}
{"timestamp":"2026-03-31T14:31:27.127335Z","level":"INFO","fields":{"request_id":"fe7c4406-99c5-4630-b2d6-f02becc5f190","method":"GET","path":"/v1/sealed-inbox/:user_id","status":409,"latency_ms":8.9214},"target":"pqmsg_server::http"}
{"timestamp":"2026-03-31T14:31:27.132831Z","level":"INFO","fields":{"event":"conflict_rejected","outcome":"reject","request_id":"fe7c4406-99c5-4630-b2d6-f02becc5f190","user_id":"","device_id":"","detail":"method=GET path=/v1/sealed-inbox/:user_id status=409"},"target":"pqmsg_server::audit"}
{"timestamp":"2026-03-31T14:31:29.781440Z","level":"INFO","fields":{"request_id":"af0545e5-d547-4624-a701-e600c59cfd44","method":"GET","path":"/v1/sealed-inbox/:user_id","status":409,"latency_ms":8.9533},"target":"pqmsg_server::http"}
{"timestamp":"2026-03-31T14:31:29.786785Z","level":"INFO","fields":{"event":"conflict_rejected","outcome":"reject","request_id":"af0545e5-d547-4624-a701-e600c59cfd44","user_id":"","device_id":"","detail":"method=GET path=/v1/sealed-inbox/:user_id status=409"},"target":"pqmsg_server::audit"}
